Component: ARM Compiler 5.06 update 6 (build 750) Tool: armlink [4d35ed]

==============================================================================

Section Cross References

    startup_stm32f407xx.o(RESET) refers to startup_stm32f407xx.o(STACK) for __initial_sp
    startup_stm32f407xx.o(RESET) refers to startup_stm32f407xx.o(.text) for Reset_Handler
    startup_stm32f407xx.o(RESET) refers to stm32f4xx_it.o(i.NMI_Handler) for NMI_Handler
    startup_stm32f407xx.o(RESET) refers to stm32f4xx_it.o(i.HardFault_Handler) for HardFault_Handler
    startup_stm32f407xx.o(RESET) refers to stm32f4xx_it.o(i.MemManage_Handler) for MemManage_Handler
    startup_stm32f407xx.o(RESET) refers to stm32f4xx_it.o(i.BusFault_Handler) for BusFault_Handler
    startup_stm32f407xx.o(RESET) refers to stm32f4xx_it.o(i.UsageFault_Handler) for UsageFault_Handler
    startup_stm32f407xx.o(RESET) refers to stm32f4xx_it.o(i.SVC_Handler) for SVC_Handler
    startup_stm32f407xx.o(RESET) refers to stm32f4xx_it.o(i.DebugMon_Handler) for DebugMon_Handler
    startup_stm32f407xx.o(RESET) refers to stm32f4xx_it.o(i.PendSV_Handler) for PendSV_Handler
    startup_stm32f407xx.o(RESET) refers to stm32f4xx_it.o(i.SysTick_Handler) for SysTick_Handler
    startup_stm32f407xx.o(RESET) refers to stm32f4xx_it.o(i.USART1_IRQHandler) for USART1_IRQHandler
    startup_stm32f407xx.o(.text) refers to system_stm32f4xx.o(i.SystemInit) for SystemInit
    startup_stm32f407xx.o(.text) refers to entry.o(.ARM.Collect$$$$00000000) for __main
    main.o(i.SystemClock_Config) refers to memseta.o(.text) for __aeabi_memclr4
    main.o(i.SystemClock_Config) refers to stm32f4xx_hal_rcc.o(i.HAL_RCC_OscConfig) for HAL_RCC_OscConfig
    main.o(i.SystemClock_Config) refers to stm32f4xx_hal_rcc.o(i.HAL_RCC_ClockConfig) for HAL_RCC_ClockConfig
    main.o(i.bsp_TestExtSRAM) refers to printf1.o(i.__0printf$1) for __2printf
    main.o(i.main) refers to stm32f4xx_hal.o(i.HAL_Init) for HAL_Init
    main.o(i.main) refers to main.o(i.SystemClock_Config) for SystemClock_Config
    main.o(i.main) refers to gpio.o(i.MX_GPIO_Init) for MX_GPIO_Init
    main.o(i.main) refers to crc.o(i.MX_CRC_Init) for MX_CRC_Init
    main.o(i.main) refers to fsmc.o(i.MX_FSMC_Init) for MX_FSMC_Init
    main.o(i.main) refers to usart.o(i.MX_USART1_UART_Init) for MX_USART1_UART_Init
    main.o(i.main) refers to tim.o(i.MX_TIM7_Init) for MX_TIM7_Init
    main.o(i.main) refers to ili93xx.o(i.TFTLCD_Init) for TFTLCD_Init
    main.o(i.main) refers to gui_core.o(i.GUI_Init) for GUI_Init
    main.o(i.main) refers to gui_setcolor.o(i.GUI_SetBkColor) for GUI_SetBkColor
    main.o(i.main) refers to gui_setcolor.o(i.GUI_SetColor) for GUI_SetColor
    main.o(i.main) refers to gui_setfont.o(i.GUI_SetFont) for GUI_SetFont
    main.o(i.main) refers to gui_core.o(i.GUI_Clear) for GUI_Clear
    main.o(i.main) refers to gui_dispstringat.o(i.GUI_DispStringAt) for GUI_DispStringAt
    main.o(i.main) refers to f24_ascii.o(.constdata) for GUI_Font24_ASCII
    gpio.o(i.MX_GPIO_Init) refers to memseta.o(.text) for __aeabi_memclr4
    gpio.o(i.MX_GPIO_Init) refers to stm32f4xx_hal_gpio.o(i.HAL_GPIO_WritePin) for HAL_GPIO_WritePin
    gpio.o(i.MX_GPIO_Init) refers to stm32f4xx_hal_gpio.o(i.HAL_GPIO_Init) for HAL_GPIO_Init
    crc.o(i.MX_CRC_Init) refers to stm32f4xx_hal_crc.o(i.HAL_CRC_Init) for HAL_CRC_Init
    crc.o(i.MX_CRC_Init) refers to main.o(i.Error_Handler) for Error_Handler
    crc.o(i.MX_CRC_Init) refers to crc.o(.data) for .data
    fsmc.o(i.HAL_FSMC_MspInit) refers to memseta.o(.text) for __aeabi_memclr4
    fsmc.o(i.HAL_FSMC_MspInit) refers to stm32f4xx_hal_gpio.o(i.HAL_GPIO_Init) for HAL_GPIO_Init
    fsmc.o(i.HAL_FSMC_MspInit) refers to fsmc.o(.data) for .data
    fsmc.o(i.HAL_SRAM_MspDeInit) refers to stm32f4xx_hal_gpio.o(i.HAL_GPIO_DeInit) for HAL_GPIO_DeInit
    fsmc.o(i.HAL_SRAM_MspDeInit) refers to fsmc.o(.data) for .data
    fsmc.o(i.HAL_SRAM_MspInit) refers to fsmc.o(i.HAL_FSMC_MspInit) for HAL_FSMC_MspInit
    fsmc.o(i.MX_FSMC_Init) refers to memseta.o(.text) for __aeabi_memclr4
    fsmc.o(i.MX_FSMC_Init) refers to stm32f4xx_hal_sram.o(i.HAL_SRAM_Init) for HAL_SRAM_Init
    fsmc.o(i.MX_FSMC_Init) refers to main.o(i.Error_Handler) for Error_Handler
    fsmc.o(i.MX_FSMC_Init) refers to fsmc.o(.bss) for .bss
    tim.o(i.MX_TIM7_Init) refers to stm32f4xx_hal_tim.o(i.HAL_TIM_Base_Init) for HAL_TIM_Base_Init
    tim.o(i.MX_TIM7_Init) refers to main.o(i.Error_Handler) for Error_Handler
    tim.o(i.MX_TIM7_Init) refers to stm32f4xx_hal_tim_ex.o(i.HAL_TIMEx_MasterConfigSynchronization) for HAL_TIMEx_MasterConfigSynchronization
    tim.o(i.MX_TIM7_Init) refers to tim.o(.bss) for .bss
    usart.o(i.HAL_UART_MspDeInit) refers to stm32f4xx_hal_gpio.o(i.HAL_GPIO_DeInit) for HAL_GPIO_DeInit
    usart.o(i.HAL_UART_MspDeInit) refers to stm32f4xx_hal_cortex.o(i.HAL_NVIC_DisableIRQ) for HAL_NVIC_DisableIRQ
    usart.o(i.HAL_UART_MspInit) refers to memseta.o(.text) for __aeabi_memclr4
[...]
    HAL_NVIC_EnableIRQ                       0x08001a51   Thumb Code    26  stm32f4xx_hal_cortex.o(i.HAL_NVIC_EnableIRQ)
    HAL_NVIC_SetPriority                     0x08001a6d   Thumb Code    60  stm32f4xx_hal_cortex.o(i.HAL_NVIC_SetPriority)
    HAL_NVIC_SetPriorityGrouping             0x08001aad   Thumb Code    26  stm32f4xx_hal_cortex.o(i.HAL_NVIC_SetPriorityGrouping)
    HAL_RCC_ClockConfig                      0x08001ad1   Thumb Code   288  stm32f4xx_hal_rcc.o(i.HAL_RCC_ClockConfig)
    HAL_RCC_GetPCLK1Freq                     0x08001c05   Thumb Code    20  stm32f4xx_hal_rcc.o(i.HAL_RCC_GetPCLK1Freq)
    HAL_RCC_GetPCLK2Freq                     0x08001c25   Thumb Code    20  stm32f4xx_hal_rcc.o(i.HAL_RCC_GetPCLK2Freq)
    HAL_RCC_GetSysClockFreq                  0x08001c45   Thumb Code    88  stm32f4xx_hal_rcc.o(i.HAL_RCC_GetSysClockFreq)
    HAL_RCC_OscConfig                        0x08001ca5   Thumb Code   840  stm32f4xx_hal_rcc.o(i.HAL_RCC_OscConfig)
    HAL_SRAM_Init                            0x08002001   Thumb Code    86  stm32f4xx_hal_sram.o(i.HAL_SRAM_Init)
    HAL_SRAM_MspInit                         0x08002057   Thumb Code     4  fsmc.o(i.HAL_SRAM_MspInit)
    HAL_SYSTICK_Config                       0x0800205b   Thumb Code    40  stm32f4xx_hal_cortex.o(i.HAL_SYSTICK_Config)
    HAL_TIMEx_MasterConfigSynchronization    0x08002085   Thumb Code   116  stm32f4xx_hal_tim_ex.o(i.HAL_TIMEx_MasterConfigSynchronization)
    HAL_TIM_Base_Init                        0x08002115   Thumb Code    54  stm32f4xx_hal_tim.o(i.HAL_TIM_Base_Init)
    HAL_TIM_Base_MspInit                     0x0800214d   Thumb Code    30  tim.o(i.HAL_TIM_Base_MspInit)
    HAL_UART_ErrorCallback                   0x08002175   Thumb Code     2  stm32f4xx_hal_uart.o(i.HAL_UART_ErrorCallback)
    HAL_UART_IRQHandler                      0x08002179   Thumb Code   270  stm32f4xx_hal_uart.o(i.HAL_UART_IRQHandler)
    HAL_UART_Init                            0x0800228d   Thumb Code    98  stm32f4xx_hal_uart.o(i.HAL_UART_Init)
    HAL_UART_MspInit                         0x080022f1   Thumb Code   110  usart.o(i.HAL_UART_MspInit)
    HAL_UART_RxCpltCallback                  0x0800236d   Thumb Code     2  stm32f4xx_hal_uart.o(i.HAL_UART_RxCpltCallback)
    HAL_UART_TxCpltCallback                  0x0800236f   Thumb Code     2  stm32f4xx_hal_uart.o(i.HAL_UART_TxCpltCallback)
    HardFault_Handler                        0x08002371   Thumb Code     2  stm32f4xx_it.o(i.HardFault_Handler)
    LCD_BGR2RGB                              0x08002373   Thumb Code    18  ili93xx.o(i.LCD_BGR2RGB)
    LCD_Clear                                0x08002385   Thumb Code    48  ili93xx.o(i.LCD_Clear)
    LCD_Color2Index                          0x080023b9   Thumb Code    18  lcd.o(i.LCD_Color2Index)
    LCD_Display_Dir                          0x080023d5   Thumb Code   212  ili93xx.o(i.LCD_Display_Dir)
    LCD_DrawBitmap                           0x080024ad   Thumb Code   504  lcd.o(i.LCD_DrawBitmap)
    LCD_DrawHLine                            0x080026b1   Thumb Code    78  lcd.o(i.LCD_DrawHLine)
    LCD_DrawPixel                            0x08002709   Thumb Code    96  lcd.o(i.LCD_DrawPixel)
    LCD_Fast_DrawPoint                       0x08002771   Thumb Code   278  ili93xx.o(i.LCD_Fast_DrawPoint)
    LCD_Fill                                 0x0800288d   Thumb Code    72  ili93xx.o(i.LCD_Fill)
    LCD_FillRect                             0x080028d5   Thumb Code    80  lcd.o(i.LCD_FillRect)
    LCD_GetBitsPerPixelEx                    0x0800292d   Thumb Code     6  lcd_getex.o(i.LCD_GetBitsPerPixelEx)
    LCD_GetBkColorIndex                      0x08002935   Thumb Code    10  lcd_getcolorindex.o(i.LCD_GetBkColorIndex)
    LCD_GetColorIndex                        0x08002945   Thumb Code    10  lcd_getcolorindex.o(i.LCD_GetColorIndex)
    LCD_GetNumColors                         0x08002955   Thumb Code    12  lcd_getex.o(i.LCD_GetNumColors)
    LCD_GetNumColorsEx                       0x08002965   Thumb Code     6  lcd_getex.o(i.LCD_GetNumColorsEx)
    LCD_GetNumLayers                         0x0800296b   Thumb Code    26  lcd_getnumdisplays.o(i.LCD_GetNumLayers)
    LCD_GetPalette                           0x08002985   Thumb Code    10  lcd_getex.o(i.LCD_GetPalette)
    LCD_GetPaletteEx                         0x08002995   Thumb Code    24  lcd_getex.o(i.LCD_GetPaletteEx)
    LCD_GetXSizeDisplay                      0x080029ad   Thumb Code     6  lcd_getex.o(i.LCD_GetXSizeDisplay)
    LCD_GetXSizeMax                          0x080029b9   Thumb Code     6  lcd_getex.o(i.LCD_GetXSizeMax)
    LCD_GetYSizeDisplay                      0x080029c1   Thumb Code     6  lcd_getex.o(i.LCD_GetYSizeDisplay)
    LCD_GetYSizeMax                          0x080029cd   Thumb Code     6  lcd_getex.o(i.LCD_GetYSizeMax)
    LCD_GetpPalConvTableBM                   0x080029d3   Thumb Code     4  lcd_color.o(i.LCD_GetpPalConvTableBM)
    LCD_GetpPalConvTableUncached             0x080029d9   Thumb Code    68  lcd_color.o(i.LCD_GetpPalConvTableUncached)
    LCD_Index2Color                          0x08002a21   Thumb Code    18  lcd.o(i.LCD_Index2Color)
    LCD_Index2Color_M565                     0x08002a3d   Thumb Code    34  guicc_m565.o(i.LCD_Index2Color_M565)
    LCD_InitColors                           0x08002a69   Thumb Code    42  lcd_color.o(i.LCD_InitColors)
    LCD_InitLUT                              0x08002a9d   Thumb Code   112  lcd_color.o(i.LCD_InitLUT)
    LCD_RD_DATA                              0x08002b19   Thumb Code    20  ili93xx.o(i.LCD_RD_DATA)
    LCD_ReadPoint                            0x08002b2d   Thumb Code   300  ili93xx.o(i.LCD_ReadPoint)
    LCD_SSD_BackLightSet                     0x08002c5d   Thumb Code    72  ili93xx.o(i.LCD_SSD_BackLightSet)
    LCD_Scan_Dir                             0x08002cad   Thumb Code   434  ili93xx.o(i.LCD_Scan_Dir)
    LCD_SelectLCD                            0x08002e65   Thumb Code    56  lcd_selectlcd.o(i.LCD_SelectLCD)
    LCD_SetBkColor                           0x08002ea5   Thumb Code     8  lcd.o(i.LCD_SetBkColor)
    LCD_SetBkColorIndex                      0x08002eb1   Thumb Code    20  lcd.o(i.LCD_SetBkColorIndex)
    LCD_SetClipRectEx                        0x08002ec9   Thumb Code    38  lcd_setcliprectex.o(i.LCD_SetClipRectEx)
    LCD_SetClipRectMax                       0x08002ef9   Thumb Code    20  lcd.o(i.LCD_SetClipRectMax)
    LCD_SetColor                             0x08002f15   Thumb Code     8  lcd.o(i.LCD_SetColor)
    LCD_SetColorIndex                        0x08002f21   Thumb Code    20  lcd.o(i.LCD_SetColorIndex)
    LCD_SetCursor                            0x08002f39   Thumb Code   254  ili93xx.o(i.LCD_SetCursor)
    LCD_SetDisplaySize                       0x0800303d   Thumb Code     8  lcd_getex.o(i.LCD_SetDisplaySize)
    LCD_SetDrawMode                          0x08003049   Thumb Code     8  lcd.o(i.LCD_SetDrawMode)
    LCD_SetLUTEntryEx                        0x08003055   Thumb Code    44  lcd_set.o(i.LCD_SetLUTEntryEx)
    LCD_SetSizeEx                            0x08003081   Thumb Code    44  lcd_set.o(i.LCD_SetSizeEx)
    LCD_SetVSizeEx                           0x080030ad   Thumb Code    44  lcd_set.o(i.LCD_SetVSizeEx)
    LCD_UpdateColorIndices                   0x080030d9   Thumb Code    32  lcd_updatecolorindices.o(i.LCD_UpdateColorIndices)
    LCD_WR_DATA                              0x080030fd   Thumb Code    24  ili93xx.o(i.LCD_WR_DATA)
    LCD_WR_REG                               0x08003115   Thumb Code    24  ili93xx.o(i.LCD_WR_REG)
    LCD_WriteRAM_Prepare                     0x0800312d   Thumb Code    14  ili93xx.o(i.LCD_WriteRAM_Prepare)
    LCD_WriteReg                             0x08003141   Thumb Code    12  ili93xx.o(i.LCD_WriteReg)
    LCD_X_Config                             0x0800314d   Thumb Code    40  lcdconf_flexcolor_template.o(i.LCD_X_Config)
    LCD_X_DisplayDriver                      0x08003181   Thumb Code    14  lcdconf_flexcolor_template.o(i.LCD_X_DisplayDriver)
    LCD__DrawBitmap_1bpp                     0x08003191   Thumb Code   424  lcd.o(i.LCD__DrawBitmap_1bpp)
    LCD__GetBPP                              0x08003345   Thumb Code    92  lcd_getex.o(i.LCD__GetBPP)
    LCD__GetBPPDevice                        0x080033a1   Thumb Code    50  lcd_getex.o(i.LCD__GetBPPDevice)
    MX_CRC_Init                              0x080033d5   Thumb Code    28  crc.o(i.MX_CRC_Init)
    MX_FSMC_Init                             0x080033f9   Thumb Code   182  fsmc.o(i.MX_FSMC_Init)
    MX_GPIO_Init                             0x080034b9   Thumb Code   220  gpio.o(i.MX_GPIO_Init)
    MX_TIM7_Init                             0x080035a1   Thumb Code    58  tim.o(i.MX_TIM7_Init)
    MX_USART1_UART_Init                      0x080035e5   Thumb Code    48  usart.o(i.MX_USART1_UART_Init)
    MemManage_Handler                        0x0800361d   Thumb Code     2  stm32f4xx_it.o(i.MemManage_Handler)
    NMI_Handler                              0x0800361f   Thumb Code     2  stm32f4xx_it.o(i.NMI_Handler)
    PendSV_Handler                           0x08003621   Thumb Code     2  stm32f4xx_it.o(i.PendSV_Handler)
    SVC_Handler                              0x08003623   Thumb Code     2  stm32f4xx_it.o(i.SVC_Handler)
    SysTick_Handler                          0x08003625   Thumb Code     4  stm32f4xx_it.o(i.SysTick_Handler)
    SystemClock_Config                       0x08003629   Thumb Code   122  main.o(i.SystemClock_Config)
    SystemInit                               0x080036ad   Thumb Code    22  system_stm32f4xx.o(i.SystemInit)
    TFTLCD_Init                              0x080036c9   Thumb Code  8958  ili93xx.o(i.TFTLCD_Init)
    TIM_Base_SetConfig                       0x080059cd   Thumb Code   156  stm32f4xx_hal_tim.o(i.TIM_Base_SetConfig)
    USART1_IRQHandler                        0x08005ce5   Thumb Code     6  stm32f4xx_it.o(i.USART1_IRQHandler)
    UsageFault_Handler                       0x08005cf1   Thumb Code     2  stm32f4xx_it.o(i.UsageFault_Handler)
    WM_Activate                              0x08005cf5   Thumb Code    12  wm.o(i.WM_Activate)
    WM_BringToBottom                         0x08005d05   Thumb Code   126  wm_bringtobottom.o(i.WM_BringToBottom)
    WM_CreateWindowAsChild                   0x08005d85   Thumb Code   316  wm.o(i.WM_CreateWindowAsChild)
    WM_DefaultProc                           0x08005ecd   Thumb Code    70  wm.o(i.WM_DefaultProc)
    WM_GetDesktopWindow                      0x08005f15   Thumb Code    14  wm_getdesktopwindow.o(i.WM_GetDesktopWindow)
    WM_GetFirstChild                         0x08005f2d   Thumb Code    14  wm_getfirstchild.o(i.WM_GetFirstChild)
    WM_GetParent                             0x08005f3b   Thumb Code    14  wm_getparent.o(i.WM_GetParent)
    WM_Init                                  0x08005f49   Thumb Code   184  wm.o(i.WM_Init)
    WM_InvalidateRect                        0x0800601d   Thumb Code   118  wm.o(i.WM_InvalidateRect)
    WM_InvalidateWindow                      0x08006093   Thumb Code     6  wm.o(i.WM_InvalidateWindow)
    WM_InvalidateWindowAndDescsEx            0x08006099   Thumb Code    94  wm.o(i.WM_InvalidateWindowAndDescsEx)
    WM_SelectWindow                          0x080060f9   Thumb Code    52  wm.o(i.WM_SelectWindow)
    WM_SendToParent                          0x08006135   Thumb Code    30  wm_sendtoparent.o(i.WM_SendToParent)
    WM__ActivateClipRect                     0x08006155   Thumb Code    58  wm.o(i.WM__ActivateClipRect)
    WM__AddCriticalHandle                    0x0800619d   Thumb Code    10  wm_criticalhandle.o(i.WM__AddCriticalHandle)
    WM__Client2Screen                        0x080061ad   Thumb Code    16  wm.o(i.WM__Client2Screen)
    WM__ClipAtParentBorders                  0x080061bd   Thumb Code    78  wm.o(i.WM__ClipAtParentBorders)
    WM__GetClientRectEx                      0x0800620b   Thumb Code    32  wm_getclientrect.o(i.WM__GetClientRectEx)
    WM__GetClientRectWin                     0x0800622b   Thumb Code    24  wm.o(i.WM__GetClientRectWin)
    WM__GetFirstSibling                      0x08006243   Thumb Code    18  wm__getfirstsibling.o(i.WM__GetFirstSibling)
    WM__GetNextIVR                           0x08006255   Thumb Code    54  wm.o(i.WM__GetNextIVR)
    WM__GetPrevSibling                       0x08006295   Thumb Code    36  wm__getprevsibling.o(i.WM__GetPrevSibling)
    WM__GetTopLevelLayer                     0x080062b9   Thumb Code    24  wm.o(i.WM__GetTopLevelLayer)
    WM__InitIVRSearch                        0x080062d1   Thumb Code   228  wm.o(i.WM__InitIVRSearch)
    WM__InsertWindowIntoList                 0x080063c1   Thumb Code   164  wm.o(i.WM__InsertWindowIntoList)
    WM__Invalidate1Abs                       0x08006465   Thumb Code     6  wm.o(i.WM__Invalidate1Abs)
    WM__InvalidateDrawAndDescs               0x0800646d   Thumb Code    78  wm.o(i.WM__InvalidateDrawAndDescs)
    WM__InvalidateRect                       0x080064c1   Thumb Code   118  wm.o(i.WM__InvalidateRect)
    WM__InvalidateRectEx                     0x08006537   Thumb Code     6  wm.o(i.WM__InvalidateRectEx)
    WM__RectIsNZ                             0x0800653d   Thumb Code    32  wm.o(i.WM__RectIsNZ)
    WM__SelectTopLevelLayer                  0x0800655d   Thumb Code    20  wm.o(i.WM__SelectTopLevelLayer)
    WM__SendMessage                          0x08006571   Thumb Code    54  wm__sendmessage.o(i.WM__SendMessage)
    WM__SendMsgNoData                        0x080065ad   Thumb Code    14  wm.o(i.WM__SendMsgNoData)
    __scatterload_copy                       0x08008975   Thumb Code    14  handlers.o(i.__scatterload_copy)
    __scatterload_null                       0x08008983   Thumb Code     2  handlers.o(i.__scatterload_null)
    __scatterload_zeroinit                   0x08008985   Thumb Code    14  handlers.o(i.__scatterload_zeroinit)
    emWin_LCD_Init                           0x080089e5   Thumb Code   138  lcd.o(i.emWin_LCD_Init)
    main                                     0x08008a71   Thumb Code    72  main.o(i.main)
    AHBPrescTable                            0x08008acc   Data          16  system_stm32f4xx.o(.constdata)
    APBPrescTable                            0x08008adc   Data           8  system_stm32f4xx.o(.constdata)
    GUIDRV_Template_API                      0x08008ae4   Data          52  guidrv_template.o(.constdata)
    LCD_API_ColorConv_M565                   0x08008b20   Data          24  guicc_m565.o(.constdata)
    GUI_Font6x8                              0x0800922c   Data          36  f6x8.o(.constdata)
    GUI_Font24_ASCII_CharInfo                0x0800a1e0   Data         760  f24_ascii.o(.constdata)
    GUI_Font24_ASCII_Prop1                   0x0800a4d8   Data          12  f24_ascii.o(.constdata)
    GUI_Font24_ASCII                         0x0800a4e4   Data          36  f24_ascii.o(.constdata)
    GUI_MEMDEV_DEVICE_16                     0x0800a548   Data          52  guidev_16.o(.constdata)
    GUI__aConvert_31_255                     0x0800a57c   Data          32  gui__divtbl_31_255.o(.constdata)
    GUI__aConvert_63_255                     0x0800a59c   Data          64  gui__divtbl_63_255.o(.constdata)
    GUI__aConvert_255_31                     0x0800a5dc   Data         256  gui__divtbl_255_31.o(.constdata)
    GUI__aConvert_255_63                     0x0800a6dc   Data         256  gui__divtbl_255_63.o(.constdata)
    GUI_UC_None                              0x0800a7dc   Data          16  gui_uc_encodenone.o(.constdata)
    LCD_aMirror                              0x0800a7f8   Data         256  lcd_mirror.o(.constdata)
    LCD_API_ColorConv_0                      0x0800a900   Data          24  guicc_0.o(.constdata)
    Region$$Table$$Base                      0x0800a918   Number         0  anon$$obj.o(Region$$Table)
    Region$$Table$$Limit                     0x0800a938   Number         0  anon$$obj.o(Region$$Table)
    hcrc                                     0x20000000   Data           8  crc.o(.data)
    uwTickFreq                               0x20000010   Data           1  stm32f4xx_hal.o(.data)
    uwTickPrio                               0x20000014   Data           4  stm32f4xx_hal.o(.data)
    uwTick                                   0x20000018   Data           4  stm32f4xx_hal.o(.data)
    SystemCoreClock                          0x2000001c   Data           4  system_stm32f4xx.o(.data)
    UCGUI_LCD_CMD                            0x20000024   Data           4  guidrv_template.o(.data)
    UCGUI_LCD_DATA                           0x20000028   Data           4  guidrv_template.o(.data)
    GUI_DecChar                              0x20000034   Data           1  gui_core.o(.data)
    GUI__IsInitialized                       0x20000035   Data           1  gui_core.o(.data)
    GUI_pfGetpPalConvTable                   0x20000038   Data           4  gui_core.o(.data)
    GUI__pFontDefault                        0x2000003c   Data           4  gui_core.o(.data)
    GUI_pContext                             0x20000040   Data           4  gui_core.o(.data)
    GUI_pUC_API                              0x20000044   Data           4  gui_core.o(.data)
    GUI__apDevice                            0x20000058   Data           8  gui_core.o(.data)
    GUI_pfDispCharStyle                      0x20000060   Data           4  gui_core.o(.data)
    GUI_pLCD_APIList                         0x20000064   Data           4  gui_core.o(.data)
    GUI_OrgX                                 0x20000068   Data           2  gui_core.o(.data)
    GUI_OrgY                                 0x2000006a   Data           2  gui_core.o(.data)
    LCD__pSetColorAPI                        0x2000007c   Data           4  lcd.o(.data)
    LCD__aConvTable                          0x20000084   Data           4  lcd_color.o(.data)
    WM__PaintCallbackCnt                     0x20000090   Data           1  wm.o(.data)
    WM__NumWindows                           0x20000092   Data           2  wm.o(.data)
    WM__NumInvalidWindows                    0x20000094   Data           2  wm.o(.data)
    WM__TouchedLayer                         0x2000009c   Data           4  wm.o(.data)
    WM__FirstWin                             0x200000a0   Data           4  wm.o(.data)
    WM__pFirstCriticalHandle                 0x200000a4   Data           4  wm.o(.data)
    WM__CreateFlags                          0x200000a8   Data           4  wm.o(.data)
    WM_pfPollPID                             0x200000ac   Data           4  wm.o(.data)
    WM_MULTIBUF__pAPI                        0x200000b0   Data           4  wm.o(.data)
    WM__TransWindowCnt                       0x200000b4   Data           4  wm.o(.data)
    WM__hATransWindow                        0x200000b8   Data           4  wm.o(.data)
    WM__hCreateStatic                        0x200000bc   Data           4  wm.o(.data)
    WM__pExecGestures                        0x200000c0   Data           4  wm.o(.data)
    WM__ahDesktopWin                         0x200000d4   Data           8  wm.o(.data)
    WM__aBkColor                             0x200000dc   Data           8  wm.o(.data)
    WM__ahCapture                            0x200000e4   Data           8  wm.o(.data)
    WM__ahWinFocus                           0x200000ec   Data           8  wm.o(.data)
    GUI_CharLine_pfLog2Vis                   0x2000010c   Data           4  gui_charline.o(.data)
    hsram1                                   0x20000130   Data          80  fsmc.o(.bss)
    hsram3                                   0x20000180   Data          80  fsmc.o(.bss)
    htim7                                    0x200001d0   Data          64  tim.o(.bss)
    huart1                                   0x20000210   Data          64  usart.o(.bss)
    lcddev                                   0x20000250   Data          14  ili93xx.o(.bss)
    GUI_ALLOC__Context                       0x20000260   Data         192  gui_alloc.o(.bss)
    WM__aCHWinModal                          0x20000424   Data          16  wm_touch.o(.bss)
    WM__aCHWinLast                           0x20000434   Data          16  wm_touch.o(.bss)
    WM__aCHWinMouseOver                      0x20000444   Data          16  wm_touch.o(.bss)
    __initial_sp                             0x20000858   Data           0  startup_stm32f407xx.o(STACK)
    testValue                                0x68000000   Data           1  main.o(.ARM.__AT_0x68000000)



==============================================================================

Memory Map of the image

  Image Entry point : 0x08000189

  Load Region LR_IROM1 (Base: 0x08000000, Size: 0x0000aa68, Max: 0x00100000, ABSOLUTE, COMPRESSED[0x0000a970])

    Execution Region ER_IROM1 (Exec base: 0x08000000, Load base: 0x08000000, Size: 0x0000a938, Max: 0x00100000, ABSOLUTE)

    Exec Addr    Load Addr    Size         Type   Attr      Idx    E Section Name        Object

    0x08000000   0x08000000   0x00000188   Data   RO            3    RESET               startup_stm32f407xx.o
    0x08000188   0x08000188   0x00000000   Code   RO         5717  * .ARM.Collect$$$$00000000  mc_w.l(entry.o)
    0x08000188   0x08000188   0x00000004   Code   RO         6009    .ARM.Collect$$$$00000001  mc_w.l(entry2.o)
    0x0800018c   0x0800018c   0x00000004   Code   RO         6012    .ARM.Collect$$$$00000004  mc_w.l(entry5.o)
    0x08000190   0x08000190   0x00000000   Code   RO         6014    .ARM.Collect$$$$00000008  mc_w.l(entry7b.o)
    0x08000190   0x08000190   0x00000000   Code   RO         6016    .ARM.Collect$$$$0000000A  mc_w.l(entry8b.o)
    0x08000190   0x08000190   0x00000008   Code   RO         6017    .ARM.Collect$$$$0000000B  mc_w.l(entry9a.o)
    0x08000198   0x08000198   0x00000000   Code   RO         6019    .ARM.Collect$$$$0000000D  mc_w.l(entry10a.o)
    0x08000198   0x08000198   0x00000000   Code   RO         6021    .ARM.Collect$$$$0000000F  mc_w.l(entry11a.o)
    0x08000198   0x08000198   0x00000004   Code   RO         6010    .ARM.Collect$$$$00002712  mc_w.l(entry2.o)
    0x0800019c   0x0800019c   0x00000024   Code   RO            4    .text               startup_stm32f407xx.o
    0x080001c0   0x080001c0   0x00000062   Code   RO         5720    .text               mc_w.l(uldiv.o)
    0x08000222   0x08000222   0x00000040   Code   RO         5724    .text               mc_w.l(memmovea.o)
    0x08000262   0x08000262   0x00000024   Code   RO         5726    .text               mc_w.l(memseta.o)
    0x08000286   0x08000286   0x000000e4   Code   RO         5997    .text               mf_w.l(dmul.o)
    0x0800036a   0x0800036a   0x0000001a   Code   RO         5999    .text               mf_w.l(dfltui.o)
    0x08000384   0x08000384   0x00000032   Code   RO         6001    .text               mf_w.l(dfixui.o)
    0x080003b6   0x080003b6   0x0000001e   Code   RO         6026    .text               mc_w.l(llshl.o)
    0x080003d4   0x080003d4   0x00000020   Code   RO         6028    .text               mc_w.l(llushr.o)
    0x080003f4   0x080003f4   0x00000000   Code   RO         6039    .text               mc_w.l(iusefp.o)
    0x080003f4   0x080003f4   0x000000ba   Code   RO         6040    .text               mf_w.l(depilogue.o)
    0x080004ae   0x080004ae   0x00000002   PAD
    0x080004b0   0x080004b0   0x00000024   Code   RO         6048    .text               mc_w.l(init.o)
    0x080004d4   0x080004d4   0x0000003a   Code   RO         6058    .text               mc_w.l(__dczerorl.o)
    0x0800050e   0x0800050e   0x00000002   Code   RO          422    i.BusFault_Handler  stm32f4xx_it.o
    0x08000510   0x08000510   0x00000002   Code   RO          423    i.DebugMon_Handler  stm32f4xx_it.o
    0x08000512   0x08000512   0x00000002   Code   RO           13    i.Error_Handler     main.o
    0x08000514   0x08000514   0x00000040   Code   RO         1728    i.FSMC_NORSRAM_Extended_Timing_Init  stm32f4xx_ll_fsmc.o
    0x08000554   0x08000554   0x00000054   Code   RO         1729    i.FSMC_NORSRAM_Init  stm32f4xx_ll_fsmc.o
    0x080005a8   0x080005a8   0x00000044   Code   RO         1730    i.FSMC_NORSRAM_Timing_Init  stm32f4xx_ll_fsmc.o
    0x080005ec   0x080005ec   0x00000134   Code   RO         4696    i.GUIMONO_DispChar  STemWin532_CM4_Keil.lib(gui_charm.o)
    0x08000720   0x08000720   0x00000018   Code   RO         4697    i.GUIMONO_GetCharDistX  STemWin532_CM4_Keil.lib(gui_charm.o)
    0x08000738   0x08000738   0x00000006   Code   RO         4698    i.GUIMONO_GetFontInfo  STemWin532_CM4_Keil.lib(gui_charm.o)
    0x0800073e   0x0800073e   0x00000038   Code   RO         4699    i.GUIMONO_IsInFont  STemWin532_CM4_Keil.lib(gui_charm.o)
    0x08000776   0x08000776   0x00000002   PAD
    0x08000778   0x08000778   0x000000cc   Code   RO         4704    i.GUIPROP_DispChar  STemWin532_CM4_Keil.lib(gui_charp.o)
    0x08000844   0x08000844   0x00000044   Code   RO         4705    i.GUIPROP_GetCharDistX  STemWin532_CM4_Keil.lib(gui_charp.o)
    0x08000888   0x08000888   0x00000006   Code   RO         4706    i.GUIPROP_GetFontInfo  STemWin532_CM4_Keil.lib(gui_charp.o)
    0x0800088e   0x0800088e   0x00000010   Code   RO         4707    i.GUIPROP_IsInFont  STemWin532_CM4_Keil.lib(gui_charp.o)
    0x0800089e   0x0800089e   0x00000016   Code   RO         4708    i.GUIPROP__FindChar  STemWin532_CM4_Keil.lib(gui_charp.o)
    0x080008b4   0x080008b4   0x0000000a   Code   RO         4262    i.GUI_ALLOC_AllocNoInit  STemWin532_CM4_Keil.lib(gui_alloc.o)
    0x080008be   0x080008be   0x00000024   Code   RO         4949    i.GUI_ALLOC_AllocZero  STemWin532_CM4_Keil.lib(gui_alloc_alloczero.o)
    0x080008e2   0x080008e2   0x00000002   PAD
    0x080008e4   0x080008e4   0x00000010   Code   RO         4263    i.GUI_ALLOC_AssignMemory  STemWin532_CM4_Keil.lib(gui_alloc.o)
    0x080008f4   0x080008f4   0x00000038   Code   RO         4264    i.GUI_ALLOC_Free    STemWin532_CM4_Keil.lib(gui_alloc.o)
    0x0800092c   0x0800092c   0x00000018   Code   RO         4265    i.GUI_ALLOC_FreeFixedBlock  STemWin532_CM4_Keil.lib(gui_alloc.o)
    0x08000944   0x08000944   0x000000b0   Code   RO         4268    i.GUI_ALLOC_GetFixedBlock  STemWin532_CM4_Keil.lib(gui_alloc.o)
    0x080009f4   0x080009f4   0x0000001c   Code   RO         4278    i.GUI_ALLOC_LockH   STemWin532_CM4_Keil.lib(gui_alloc.o)
    0x08000a10   0x08000a10   0x0000001c   Code   RO         4280    i.GUI_ALLOC_SetAvBlockSize  STemWin532_CM4_Keil.lib(gui_alloc.o)
    0x08000a2c   0x08000a2c   0x00000030   Code   RO         4284    i.GUI_ALLOC_UnlockH  STemWin532_CM4_Keil.lib(gui_alloc.o)
    0x08000a5c   0x08000a5c   0x00000018   Code   RO         4285    i.GUI_ALLOC_h2p     STemWin532_CM4_Keil.lib(gui_alloc.o)
    0x08000a74   0x08000a74   0x0000003c   Code   RO         5205    i.GUI_CalcColorDist  STemWin532_CM4_Keil.lib(gui_calccolordist.o)
    0x08000ab0   0x08000ab0   0x0000001c   Code   RO         4338    i.GUI_Clear         STemWin532_CM4_Keil.lib(gui_core.o)
    0x08000acc   0x08000acc   0x00000060   Code   RO         4339    i.GUI_ClearRect     STemWin532_CM4_Keil.lib(gui_core.o)
    0x08000b2c   0x08000b2c   0x00000050   Code   RO         4376    i.GUI_DEVICE_Create  STemWin532_CM4_Keil.lib(gui_device.o)
    0x08000b7c   0x08000b7c   0x00000028   Code   RO         4377    i.GUI_DEVICE_CreateAndLink  STemWin532_CM4_Keil.lib(gui_device.o)
    0x08000ba4   0x08000ba4   0x00000004   Code   RO         4378    i.GUI_DEVICE_Delete  STemWin532_CM4_Keil.lib(gui_device.o)
    0x08000ba8   0x08000ba8   0x00000088   Code   RO         4379    i.GUI_DEVICE_Link   STemWin532_CM4_Keil.lib(gui_device.o)
    0x08000c30   0x08000c30   0x00000030   Code   RO         4381    i.GUI_DEVICE_Unlink  STemWin532_CM4_Keil.lib(gui_device.o)
    0x08000c60   0x08000c60   0x00000024   Code   RO         4384    i.GUI_DEVICE__GetpDriver  STemWin532_CM4_Keil.lib(gui_device.o)
    0x08000c84   0x08000c84   0x00000100   Code   RO         4714    i.GUI_DispString    STemWin532_CM4_Keil.lib(gui_dispstring.o)
    0x08000d84   0x08000d84   0x00000010   Code   RO         4394    i.GUI_DispStringAt  STemWin532_CM4_Keil.lib(gui_dispstringat.o)
    0x08000d94   0x08000d94   0x00000014   Code   RO         4416    i.GUI_GetBitsPerPixelEx  STemWin532_CM4_Keil.lib(lcd_getex.o)
    0x08000da8   0x08000da8   0x0000000e   Code   RO         4976    i.GUI_GetBkColor    STemWin532_CM4_Keil.lib(gui_getcolor.o)
    0x08000db6   0x08000db6   0x00000002   PAD
    0x08000db8   0x08000db8   0x00000010   Code   RO         4953    i.GUI_GetCharDistX  STemWin532_CM4_Keil.lib(gui_char.o)
    0x08000dc8   0x08000dc8   0x00000010   Code   RO         4954    i.GUI_GetCharDistXEx  STemWin532_CM4_Keil.lib(gui_char.o)
    0x08000dd8   0x08000dd8   0x0000000e   Code   RO         4978    i.GUI_GetColor      STemWin532_CM4_Keil.lib(gui_getcolor.o)
    0x08000de6   0x08000de6   0x00000002   PAD
    0x08000de8   0x08000de8   0x00000010   Code   RO         4955    i.GUI_GetFontDistY  STemWin532_CM4_Keil.lib(gui_char.o)
    0x08000df8   0x08000df8   0x00000030   Code   RO         4956    i.GUI_GetYAdjust    STemWin532_CM4_Keil.lib(gui_char.o)
    0x08000e28   0x08000e28   0x00000010   Code   RO         4417    i.GUI_GetpfColor2IndexEx  STemWin532_CM4_Keil.lib(lcd_getex.o)
    0x08000e38   0x08000e38   0x00000010   Code   RO         4418    i.GUI_GetpfIndex2ColorEx  STemWin532_CM4_Keil.lib(lcd_getex.o)
    0x08000e48   0x08000e48   0x00000014   Code   RO         4717    i.GUI_GotoXY        STemWin532_CM4_Keil.lib(gui_goto.o)
    0x08000e5c   0x08000e5c   0x00000084   Code   RO         4341    i.GUI_Init          STemWin532_CM4_Keil.lib(gui_core.o)
    0x08000ee0   0x08000ee0   0x00000040   Code   RO         5085    i.GUI_MEMDEV_Delete  STemWin532_CM4_Keil.lib(guidev.o)
    0x08000f20   0x08000f20   0x00000024   Code   RO         5086    i.GUI_MEMDEV_GetBitsPerPixel  STemWin532_CM4_Keil.lib(guidev.o)
    0x08000f44   0x08000f44   0x0000001a   Code   RO         5108    i.GUI_MEMDEV_GetDataPtr  STemWin532_CM4_Keil.lib(guidev_getdataptr.o)
    0x08000f5e   0x08000f5e   0x0000003e   Code   RO         4799    i.GUI_MEMDEV__WriteToActiveOpaque  STemWin532_CM4_Keil.lib(guidev_writetoactiveopaque.o)
    0x08000f9c   0x08000f9c   0x00000058   Code   RO         4984    i.GUI_MergeRect     STemWin532_CM4_Keil.lib(gui_mergerect.o)
    0x08000ff4   0x08000ff4   0x0000001e   Code   RO         4986    i.GUI_MoveRect      STemWin532_CM4_Keil.lib(gui_moverect.o)
    0x08001012   0x08001012   0x00000038   Code   RO         5010    i.GUI_RectsIntersect  STemWin532_CM4_Keil.lib(gui_rectsintersect.o)
    0x0800104a   0x0800104a   0x00000012   Code   RO         5273    i.GUI_SelectLCD     STemWin532_CM4_Keil.lib(gui_selectlcd.o)
    0x0800105c   0x0800105c   0x00000030   Code   RO         5020    i.GUI_SelectLayer   STemWin532_CM4_Keil.lib(gui_selectlayer.o)
    0x0800108c   0x0800108c   0x00000004   Code   RO         4396    i.GUI_SetBkColor    STemWin532_CM4_Keil.lib(gui_setcolor.o)
    0x08001090   0x08001090   0x00000004   Code   RO         4397    i.GUI_SetColor      STemWin532_CM4_Keil.lib(gui_setcolor.o)
    0x08001094   0x08001094   0x0000000c   Code   RO         4343    i.GUI_SetDefaultFont  STemWin532_CM4_Keil.lib(gui_core.o)
    0x080010a0   0x080010a0   0x00000014   Code   RO         4400    i.GUI_SetFont       STemWin532_CM4_Keil.lib(gui_setfont.o)
    0x080010b4   0x080010b4   0x00000038   Code   RO         4726    i.GUI_SetOrg        STemWin532_CM4_Keil.lib(gui_setorg.o)
    0x080010ec   0x080010ec   0x00000010   Code   RO         5056    i.GUI_SignalEvent   STemWin532_CM4_Keil.lib(gui_waitevent.o)
    0x080010fc   0x080010fc   0x00000010   Code   RO         4994    i.GUI_StoreKey      STemWin532_CM4_Keil.lib(gui_onkey.o)
    0x0800110c   0x0800110c   0x0000002c   Code   RO         5043    i.GUI_UC__GetCharCodeInc  STemWin532_CM4_Keil.lib(gui_uc.o)
    0x08001138   0x08001138   0x00000028   Code   RO         5045    i.GUI_UC__NumChars2NumBytes  STemWin532_CM4_Keil.lib(gui_uc.o)
    0x08001160   0x08001160   0x00000028   Code   RO         4793    i.GUI_USAGE_AddRect  STemWin532_CM4_Keil.lib(guidev_usage.o)
    0x08001188   0x08001188   0x00000024   Code   RO         4794    i.GUI_USAGE_DecUseCnt  STemWin532_CM4_Keil.lib(guidev_usage.o)
    0x080011ac   0x080011ac   0x0000002c   Code   RO         3463    i.GUI_X_Config      guiconf.o
    0x080011d8   0x080011d8   0x00000002   Code   RO         3512    i.GUI_X_ExecIdle    gui_x.o
    0x080011da   0x080011da   0x00000002   Code   RO         3514    i.GUI_X_Init        gui_x.o
    0x080011dc   0x080011dc   0x00000124   Code   RO         4926    i.GUI__CompactPixelIndices  STemWin532_CM4_Keil.lib(gui__compactpixelindices.o)
    0x08001300   0x08001300   0x00000034   Code   RO         4345    i.GUI__Config       STemWin532_CM4_Keil.lib(gui_core.o)
    0x08001334   0x08001334   0x000000b0   Code   RO         4963    i.GUI__DispLine     STemWin532_CM4_Keil.lib(gui_charline.o)
    0x080013e4   0x080013e4   0x00000054   Code   RO         4964    i.GUI__GetLineDistX  STemWin532_CM4_Keil.lib(gui_charline.o)
    0x08001438   0x08001438   0x00000038   Code   RO         4965    i.GUI__GetLineNumChars  STemWin532_CM4_Keil.lib(gui_charline.o)
    0x08001470   0x08001470   0x00000018   Code   RO         4966    i.GUI__GetOverlap   STemWin532_CM4_Keil.lib(gui_charline.o)
    0x08001488   0x08001488   0x0000003a   Code   RO         4932    i.GUI__IntersectRect  STemWin532_CM4_Keil.lib(gui__intersectrect.o)
    0x080014c2   0x080014c2   0x00000052   Code   RO         4934    i.GUI__IntersectRects  STemWin532_CM4_Keil.lib(gui__intersectrects.o)
    0x08001514   0x08001514   0x00000010   Code   RO         4938    i.GUI__ManageCache  STemWin532_CM4_Keil.lib(gui__managecache.o)
    0x08001524   0x08001524   0x000000d4   Code   RO         4939    i.GUI__ManageCacheEx  STemWin532_CM4_Keil.lib(gui__managecache.o)
    0x080015f8   0x080015f8   0x00000010   Code   RO         4346    i.GUI__RegisterExit  STemWin532_CM4_Keil.lib(gui_core.o)
    0x08001608   0x08001608   0x0000004c   Code   RO         4692    i.GUI__memset       STemWin532_CM4_Keil.lib(gui__memset.o)
    0x08001654   0x08001654   0x0000003c   Code   RO         4694    i.GUI__memset16     STemWin532_CM4_Keil.lib(gui__memset16.o)
    0x08001690   0x08001690   0x00000022   Code   RO          532    i.HAL_CRC_Init      stm32f4xx_hal_crc.o
    0x080016b2   0x080016b2   0x00000002   PAD
    0x080016b4   0x080016b4   0x00000028   Code   RO          249    i.HAL_CRC_MspInit   crc.o
    0x080016dc   0x080016dc   0x00000024   Code   RO         1051    i.HAL_DMA_Abort_IT  stm32f4xx_hal_dma.o
    0x08001700   0x08001700   0x00000024   Code   RO         1469    i.HAL_Delay         stm32f4xx_hal.o
    0x08001724   0x08001724   0x000000a8   Code   RO          290    i.HAL_FSMC_MspInit  fsmc.o
    0x080017cc   0x080017cc   0x000001b8   Code   RO          943    i.HAL_GPIO_Init     stm32f4xx_hal_gpio.o
    0x08001984   0x08001984   0x0000000a   Code   RO          947    i.HAL_GPIO_WritePin  stm32f4xx_hal_gpio.o
    0x0800198e   0x0800198e   0x00000002   PAD
    0x08001990   0x08001990   0x0000000c   Code   RO         1475    i.HAL_GetTick       stm32f4xx_hal.o
    0x0800199c   0x0800199c   0x00000010   Code   RO         1481    i.HAL_IncTick       stm32f4xx_hal.o
    0x080019ac   0x080019ac   0x00000034   Code   RO         1482    i.HAL_Init          stm32f4xx_hal.o
    0x080019e0   0x080019e0   0x00000040   Code   RO         1483    i.HAL_InitTick      stm32f4xx_hal.o
    0x08001a20   0x08001a20   0x00000030   Code   RO          504    i.HAL_MspInit       stm32f4xx_hal_msp.o
    0x08001a50   0x08001a50   0x0000001a   Code   RO         1332    i.HAL_NVIC_EnableIRQ  stm32f4xx_hal_cortex.o
    0x08001a6a   0x08001a6a   0x00000002   PAD
    0x08001a6c   0x08001a6c   0x00000040   Code   RO         1338    i.HAL_NVIC_SetPriority  stm32f4xx_hal_cortex.o
    0x08001aac   0x08001aac   0x00000024   Code   RO         1339    i.HAL_NVIC_SetPriorityGrouping  stm32f4xx_hal_cortex.o
    0x08001ad0   0x08001ad0   0x00000134   Code   RO          589    i.HAL_RCC_ClockConfig  stm32f4xx_hal_rcc.o
    0x08001c04   0x08001c04   0x00000020   Code   RO          596    i.HAL_RCC_GetPCLK1Freq  stm32f4xx_hal_rcc.o
    0x08001c24   0x08001c24   0x00000020   Code   RO          597    i.HAL_RCC_GetPCLK2Freq  stm32f4xx_hal_rcc.o
    0x08001c44   0x08001c44   0x00000060   Code   RO          598    i.HAL_RCC_GetSysClockFreq  stm32f4xx_hal_rcc.o
    0x08001ca4   0x08001ca4   0x0000035c   Code   RO          601    i.HAL_RCC_OscConfig  stm32f4xx_hal_rcc.o
    0x08002000   0x08002000   0x00000056   Code   RO         1850    i.HAL_SRAM_Init     stm32f4xx_hal_sram.o
    0x08002056   0x08002056   0x00000004   Code   RO          292    i.HAL_SRAM_MspInit  fsmc.o
    0x0800205a   0x0800205a   0x00000028   Code   RO         1343    i.HAL_SYSTICK_Config  stm32f4xx_hal_cortex.o
    0x08002082   0x08002082   0x00000002   PAD
    0x08002084   0x08002084   0x00000090   Code   RO         2661    i.HAL_TIMEx_MasterConfigSynchronization  stm32f4xx_hal_tim_ex.o
    0x08002114   0x08002114   0x00000036   Code   RO         1968    i.HAL_TIM_Base_Init  stm32f4xx_hal_tim.o
    0x0800214a   0x0800214a   0x00000002   PAD
    0x0800214c   0x0800214c   0x00000028   Code   RO          339    i.HAL_TIM_Base_MspInit  tim.o
    0x08002174   0x08002174   0x00000002   Code   RO         2915    i.HAL_UART_ErrorCallback  stm32f4xx_hal_uart.o
    0x08002176   0x08002176   0x00000002   PAD
    0x08002178   0x08002178   0x00000114   Code   RO         2918    i.HAL_UART_IRQHandler  stm32f4xx_hal_uart.o
    0x0800228c   0x0800228c   0x00000062   Code   RO         2919    i.HAL_UART_Init     stm32f4xx_hal_uart.o
    0x080022ee   0x080022ee   0x00000002   PAD
    0x080022f0   0x080022f0   0x0000007c   Code   RO          381    i.HAL_UART_MspInit  usart.o
    0x0800236c   0x0800236c   0x00000002   Code   RO         2925    i.HAL_UART_RxCpltCallback  stm32f4xx_hal_uart.o
    0x0800236e   0x0800236e   0x00000002   Code   RO         2930    i.HAL_UART_TxCpltCallback  stm32f4xx_hal_uart.o
    0x08002370   0x08002370   0x00000002   Code   RO          424    i.HardFault_Handler  stm32f4xx_it.o
    0x08002372   0x08002372   0x00000012   Code   RO         3258    i.LCD_BGR2RGB       ili93xx.o
    0x08002384   0x08002384   0x00000034   Code   RO         3259    i.LCD_Clear         ili93xx.o
    0x080023b8   0x080023b8   0x0000001c   Code   RO         4739    i.LCD_Color2Index   STemWin532_CM4_Keil.lib(lcd.o)
    0x080023d4   0x080023d4   0x000000d8   Code   RO         3263    i.LCD_Display_Dir   ili93xx.o
    0x080024ac   0x080024ac   0x00000204   Code   RO         4740    i.LCD_DrawBitmap    STemWin532_CM4_Keil.lib(lcd.o)
    0x080026b0   0x080026b0   0x00000058   Code   RO         4741    i.LCD_DrawHLine     STemWin532_CM4_Keil.lib(lcd.o)
    0x08002708   0x08002708   0x00000068   Code   RO         4742    i.LCD_DrawPixel     STemWin532_CM4_Keil.lib(lcd.o)
    0x08002770   0x08002770   0x0000011c   Code   RO         3268    i.LCD_Fast_DrawPoint  ili93xx.o
    0x0800288c   0x0800288c   0x00000048   Code   RO         3269    i.LCD_Fill          ili93xx.o
    0x080028d4   0x080028d4   0x00000058   Code   RO         4744    i.LCD_FillRect      STemWin532_CM4_Keil.lib(lcd.o)
    0x0800292c   0x0800292c   0x00000006   Code   RO         4420    i.LCD_GetBitsPerPixelEx  STemWin532_CM4_Keil.lib(lcd_getex.o)
    0x08002932   0x08002932   0x00000002   PAD
    0x08002934   0x08002934   0x00000010   Code   RO         5401    i.LCD_GetBkColorIndex  STemWin532_CM4_Keil.lib(lcd_getcolorindex.o)
    0x08002944   0x08002944   0x00000010   Code   RO         5402    i.LCD_GetColorIndex  STemWin532_CM4_Keil.lib(lcd_getcolorindex.o)
    0x08002954   0x08002954   0x00000010   Code   RO         4427    i.LCD_GetNumColors  STemWin532_CM4_Keil.lib(lcd_getex.o)
    0x08002964   0x08002964   0x00000006   Code   RO         4428    i.LCD_GetNumColorsEx  STemWin532_CM4_Keil.lib(lcd_getex.o)
    0x0800296a   0x0800296a   0x0000001a   Code   RO         5077    i.LCD_GetNumLayers  STemWin532_CM4_Keil.lib(lcd_getnumdisplays.o)
    0x08002984   0x08002984   0x00000010   Code   RO         4429    i.LCD_GetPalette    STemWin532_CM4_Keil.lib(lcd_getex.o)
    0x08002994   0x08002994   0x00000018   Code   RO         4430    i.LCD_GetPaletteEx  STemWin532_CM4_Keil.lib(lcd_getex.o)
    0x080029ac   0x080029ac   0x0000000c   Code   RO         4442    i.LCD_GetXSizeDisplay  STemWin532_CM4_Keil.lib(lcd_getex.o)
    0x080029b8   0x080029b8   0x00000006   Code   RO         4444    i.LCD_GetXSizeMax   STemWin532_CM4_Keil.lib(lcd_getex.o)
    0x080029be   0x080029be   0x00000002   PAD
    0x080029c0   0x080029c0   0x0000000c   Code   RO         4448    i.LCD_GetYSizeDisplay  STemWin532_CM4_Keil.lib(lcd_getex.o)
    0x080029cc   0x080029cc   0x00000006   Code   RO         4450    i.LCD_GetYSizeMax   STemWin532_CM4_Keil.lib(lcd_getex.o)
    0x080029d2   0x080029d2   0x00000004   Code   RO         4778    i.LCD_GetpPalConvTableBM  STemWin532_CM4_Keil.lib(lcd_color.o)
    0x080029d6   0x080029d6   0x00000002   PAD
    0x080029d8   0x080029d8   0x00000048   Code   RO         4779    i.LCD_GetpPalConvTableUncached  STemWin532_CM4_Keil.lib(lcd_color.o)
    0x08002a20   0x08002a20   0x0000001c   Code   RO         4745    i.LCD_Index2Color   STemWin532_CM4_Keil.lib(lcd.o)
    0x08002a3c   0x08002a3c   0x0000002c   Code   RO         4403    i.LCD_Index2Color_M565  STemWin532_CM4_Keil.lib(guicc_m565.o)
    0x08002a68   0x08002a68   0x00000034   Code   RO         4780    i.LCD_InitColors    STemWin532_CM4_Keil.lib(lcd_color.o)
    0x08002a9c   0x08002a9c   0x0000007c   Code   RO         4781    i.LCD_InitLUT       STemWin532_CM4_Keil.lib(lcd_color.o)
    0x08002b18   0x08002b18   0x00000014   Code   RO         3271    i.LCD_RD_DATA       ili93xx.o
    0x08002b2c   0x08002b2c   0x00000130   Code   RO         3272    i.LCD_ReadPoint     ili93xx.o
    0x08002c5c   0x08002c5c   0x00000050   Code   RO         3274    i.LCD_SSD_BackLightSet  ili93xx.o
    0x08002cac   0x08002cac   0x000001b8   Code   RO         3275    i.LCD_Scan_Dir      ili93xx.o
    0x08002e64   0x08002e64   0x00000040   Code   RO         5670    i.LCD_SelectLCD     STemWin532_CM4_Keil.lib(lcd_selectlcd.o)
    0x08002ea4   0x08002ea4   0x0000000c   Code   RO         4746    i.LCD_SetBkColor    STemWin532_CM4_Keil.lib(lcd.o)
    0x08002eb0   0x08002eb0   0x00000018   Code   RO         4747    i.LCD_SetBkColorIndex  STemWin532_CM4_Keil.lib(lcd.o)
    0x08002ec8   0x08002ec8   0x00000030   Code   RO         5079    i.LCD_SetClipRectEx  STemWin532_CM4_Keil.lib(lcd_setcliprectex.o)
    0x08002ef8   0x08002ef8   0x0000001c   Code   RO         4748    i.LCD_SetClipRectMax  STemWin532_CM4_Keil.lib(lcd.o)
    0x08002f14   0x08002f14   0x0000000c   Code   RO         4749    i.LCD_SetColor      STemWin532_CM4_Keil.lib(lcd.o)
    0x08002f20   0x08002f20   0x00000018   Code   RO         4750    i.LCD_SetColorIndex  STemWin532_CM4_Keil.lib(lcd.o)
    0x08002f38   0x08002f38   0x00000104   Code   RO         3276    i.LCD_SetCursor     ili93xx.o
    0x0800303c   0x0800303c   0x0000000c   Code   RO         4453    i.LCD_SetDisplaySize  STemWin532_CM4_Keil.lib(lcd_getex.o)
    0x08003048   0x08003048   0x0000000c   Code   RO         4751    i.LCD_SetDrawMode   STemWin532_CM4_Keil.lib(lcd.o)
    0x08003054   0x08003054   0x0000002c   Code   RO         4515    i.LCD_SetLUTEntryEx  STemWin532_CM4_Keil.lib(lcd_set.o)
    0x08003080   0x08003080   0x0000002c   Code   RO         4519    i.LCD_SetSizeEx     STemWin532_CM4_Keil.lib(lcd_set.o)
    0x080030ac   0x080030ac   0x0000002c   Code   RO         4523    i.LCD_SetVSizeEx    STemWin532_CM4_Keil.lib(lcd_set.o)
    0x080030d8   0x080030d8   0x00000024   Code   RO         5405    i.LCD_UpdateColorIndices  STemWin532_CM4_Keil.lib(lcd_updatecolorindices.o)
    0x080030fc   0x080030fc   0x00000018   Code   RO         3282    i.LCD_WR_DATA       ili93xx.o
    0x08003114   0x08003114   0x00000018   Code   RO         3283    i.LCD_WR_REG        ili93xx.o
    0x0800312c   0x0800312c   0x00000014   Code   RO         3285    i.LCD_WriteRAM_Prepare  ili93xx.o
    0x08003140   0x08003140   0x0000000c   Code   RO         3286    i.LCD_WriteReg      ili93xx.o
    0x0800314c   0x0800314c   0x00000034   Code   RO         3479    i.LCD_X_Config      lcdconf_flexcolor_template.o
    0x08003180   0x08003180   0x0000000e   Code   RO         3480    i.LCD_X_DisplayDriver  lcdconf_flexcolor_template.o
    0x0800318e   0x0800318e   0x00000002   PAD
    0x08003190   0x08003190   0x000001b4   Code   RO         4752    i.LCD__DrawBitmap_1bpp  STemWin532_CM4_Keil.lib(lcd.o)
    0x08003344   0x08003344   0x0000005c   Code   RO         4454    i.LCD__GetBPP       STemWin532_CM4_Keil.lib(lcd_getex.o)
    0x080033a0   0x080033a0   0x00000032   Code   RO         4455    i.LCD__GetBPPDevice  STemWin532_CM4_Keil.lib(lcd_getex.o)
    0x080033d2   0x080033d2   0x00000002   PAD
    0x080033d4   0x080033d4   0x00000024   Code   RO          250    i.MX_CRC_Init       crc.o
    0x080033f8   0x080033f8   0x000000c0   Code   RO          293    i.MX_FSMC_Init      fsmc.o
    0x080034b8   0x080034b8   0x000000e8   Code   RO          224    i.MX_GPIO_Init      gpio.o
    0x080035a0   0x080035a0   0x00000044   Code   RO          340    i.MX_TIM7_Init      tim.o
    0x080035e4   0x080035e4   0x00000038   Code   RO          382    i.MX_USART1_UART_Init  usart.o
    0x0800361c   0x0800361c   0x00000002   Code   RO          425    i.MemManage_Handler  stm32f4xx_it.o
    0x0800361e   0x0800361e   0x00000002   Code   RO          426    i.NMI_Handler       stm32f4xx_it.o
    0x08003620   0x08003620   0x00000002   Code   RO          427    i.PendSV_Handler    stm32f4xx_it.o
    0x08003622   0x08003622   0x00000002   Code   RO          428    i.SVC_Handler       stm32f4xx_it.o
    0x08003624   0x08003624   0x00000004   Code   RO          429    i.SysTick_Handler   stm32f4xx_it.o
    0x08003628   0x08003628   0x00000084   Code   RO           14    i.SystemClock_Config  main.o
    0x080036ac   0x080036ac   0x0000001c   Code   RO         3221    i.SystemInit        system_stm32f4xx.o
    0x080036c8   0x080036c8   0x00002304   Code   RO         3287    i.TFTLCD_Init       ili93xx.o
    0x080059cc   0x080059cc   0x000000c8   Code   RO         2056    i.TIM_Base_SetConfig  stm32f4xx_hal_tim.o
    0x08005a94   0x08005a94   0x00000010   Code   RO         2932    i.UART_DMAAbortOnError  stm32f4xx_hal_uart.o
    0x08005aa4   0x08005aa4   0x0000001c   Code   RO         2942    i.UART_EndRxTransfer  stm32f4xx_hal_uart.o
    0x08005ac0   0x08005ac0   0x00000096   Code   RO         2944    i.UART_Receive_IT   stm32f4xx_hal_uart.o
    0x08005b56   0x08005b56   0x00000002   PAD
    0x08005b58   0x08005b58   0x00000128   Code   RO         2945    i.UART_SetConfig    stm32f4xx_hal_uart.o
    0x08005c80   0x08005c80   0x00000062   Code   RO         2946    i.UART_Transmit_IT  stm32f4xx_hal_uart.o
    0x08005ce2   0x08005ce2   0x00000002   PAD
    0x08005ce4   0x08005ce4   0x0000000c   Code   RO          430    i.USART1_IRQHandler  stm32f4xx_it.o
    0x08005cf0   0x08005cf0   0x00000002   Code   RO          431    i.UsageFault_Handler  stm32f4xx_it.o
    0x08005cf2   0x08005cf2   0x00000002   PAD
    0x08005cf4   0x08005cf4   0x00000010   Code   RO         4810    i.WM_Activate       STemWin532_CM4_Keil.lib(wm.o)
    0x08005d04   0x08005d04   0x0000007e   Code   RO         5136    i.WM_BringToBottom  STemWin532_CM4_Keil.lib(wm_bringtobottom.o)
    0x08005d82   0x08005d82   0x00000002   PAD
    0x08005d84   0x08005d84   0x00000148   Code   RO         4812    i.WM_CreateWindowAsChild  STemWin532_CM4_Keil.lib(wm.o)
    0x08005ecc   0x08005ecc   0x00000046   Code   RO         4814    i.WM_DefaultProc    STemWin532_CM4_Keil.lib(wm.o)
    0x08005f12   0x08005f12   0x00000002   PAD
    0x08005f14   0x08005f14   0x00000018   Code   RO         4924    i.WM_GetDesktopWindow  STemWin532_CM4_Keil.lib(wm_getdesktopwindow.o)
    0x08005f2c   0x08005f2c   0x0000000e   Code   RO         5148    i.WM_GetFirstChild  STemWin532_CM4_Keil.lib(wm_getfirstchild.o)
    0x08005f3a   0x08005f3a   0x0000000e   Code   RO         5501    i.WM_GetParent      STemWin532_CM4_Keil.lib(wm_getparent.o)
    0x08005f48   0x08005f48   0x000000d4   Code   RO         4819    i.WM_Init           STemWin532_CM4_Keil.lib(wm.o)
    0x0800601c   0x0800601c   0x00000076   Code   RO         4820    i.WM_InvalidateRect  STemWin532_CM4_Keil.lib(wm.o)
    0x08006092   0x08006092   0x00000006   Code   RO         4821    i.WM_InvalidateWindow  STemWin532_CM4_Keil.lib(wm.o)
    0x08006098   0x08006098   0x0000005e   Code   RO         4822    i.WM_InvalidateWindowAndDescsEx  STemWin532_CM4_Keil.lib(wm.o)
    0x080060f6   0x080060f6   0x00000002   PAD
    0x080060f8   0x080060f8   0x0000003c   Code   RO         4823    i.WM_SelectWindow   STemWin532_CM4_Keil.lib(wm.o)
    0x08006134   0x08006134   0x0000001e   Code   RO         5154    i.WM_SendToParent   STemWin532_CM4_Keil.lib(wm_sendtoparent.o)
    0x08006152   0x08006152   0x00000002   PAD
    0x08006154   0x08006154   0x00000048   Code   RO         4826    i.WM__ActivateClipRect  STemWin532_CM4_Keil.lib(wm.o)
    0x0800619c   0x0800619c   0x00000010   Code   RO         5138    i.WM__AddCriticalHandle  STemWin532_CM4_Keil.lib(wm_criticalhandle.o)
    0x080061ac   0x080061ac   0x00000010   Code   RO         4827    i.WM__Client2Screen  STemWin532_CM4_Keil.lib(wm.o)
    0x080061bc   0x080061bc   0x0000004e   Code   RO         4828    i.WM__ClipAtParentBorders  STemWin532_CM4_Keil.lib(wm.o)
    0x0800620a   0x0800620a   0x00000020   Code   RO         5144    i.WM__GetClientRectEx  STemWin532_CM4_Keil.lib(wm_getclientrect.o)
    0x0800622a   0x0800622a   0x00000018   Code   RO         4831    i.WM__GetClientRectWin  STemWin532_CM4_Keil.lib(wm.o)
    0x08006242   0x08006242   0x00000012   Code   RO         5674    i.WM__GetFirstSibling  STemWin532_CM4_Keil.lib(wm__getfirstsibling.o)
    0x08006254   0x08006254   0x00000040   Code   RO         4832    i.WM__GetNextIVR    STemWin532_CM4_Keil.lib(wm.o)
    0x08006294   0x08006294   0x00000024   Code   RO         5481    i.WM__GetPrevSibling  STemWin532_CM4_Keil.lib(wm__getprevsibling.o)
    0x080062b8   0x080062b8   0x00000018   Code   RO         4833    i.WM__GetTopLevelLayer  STemWin532_CM4_Keil.lib(wm.o)
    0x080062d0   0x080062d0   0x000000f0   Code   RO         4834    i.WM__InitIVRSearch  STemWin532_CM4_Keil.lib(wm.o)
    0x080063c0   0x080063c0   0x000000a4   Code   RO         4835    i.WM__InsertWindowIntoList  STemWin532_CM4_Keil.lib(wm.o)
    0x08006464   0x08006464   0x00000006   Code   RO         4836    i.WM__Invalidate1Abs  STemWin532_CM4_Keil.lib(wm.o)
    0x0800646a   0x0800646a   0x00000002   PAD
    0x0800646c   0x0800646c   0x00000054   Code   RO         4837    i.WM__InvalidateDrawAndDescs  STemWin532_CM4_Keil.lib(wm.o)
    0x080064c0   0x080064c0   0x00000076   Code   RO         4839    i.WM__InvalidateRect  STemWin532_CM4_Keil.lib(wm.o)
    0x08006536   0x08006536   0x00000006   Code   RO         4840    i.WM__InvalidateRectEx  STemWin532_CM4_Keil.lib(wm.o)
    0x0800653c   0x0800653c   0x00000020   Code   RO         4845    i.WM__RectIsNZ      STemWin532_CM4_Keil.lib(wm.o)
    0x0800655c   0x0800655c   0x00000014   Code   RO         4847    i.WM__SelectTopLevelLayer  STemWin532_CM4_Keil.lib(wm.o)
    0x08006570   0x08006570   0x0000003c   Code   RO         5133    i.WM__SendMessage   STemWin532_CM4_Keil.lib(wm__sendmessage.o)
    0x080065ac   0x080065ac   0x0000000e   Code   RO         4848    i.WM__SendMsgNoData  STemWin532_CM4_Keil.lib(wm.o)
    0x080065ba   0x080065ba   0x00000002   PAD
    0x080065bc   0x080065bc   0x00000090   Code   RO         4287    i._AddFreeMemory    STemWin532_CM4_Keil.lib(gui_alloc.o)
    0x0800664c   0x0800664c   0x000000b8   Code   RO         4288    i._Alloc            STemWin532_CM4_Keil.lib(gui_alloc.o)
    0x08006704   0x08006704   0x00000004   Code   RO         4729    i._CalcSizeOfChar   STemWin532_CM4_Keil.lib(gui_uc_encodenone.o)
    0x08006708   0x08006708   0x0000004c   Code   RO         4404    i._Color2IndexBulk  STemWin532_CM4_Keil.lib(guicc_m565.o)
    0x08006754   0x08006754   0x00000054   Code   RO         5068    i._Color2Index_0    STemWin532_CM4_Keil.lib(guicc_0.o)
    0x080067a8   0x080067a8   0x0000002c   Code   RO         4405    i._Color2Index_M565  STemWin532_CM4_Keil.lib(guicc_m565.o)
    0x080067d4   0x080067d4   0x0000003e   Code   RO         4800    i._Convert16        STemWin532_CM4_Keil.lib(guidev_writetoactiveopaque.o)
    0x08006812   0x08006812   0x0000003e   Code   RO         4801    i._Convert8         STemWin532_CM4_Keil.lib(guidev_writetoactiveopaque.o)
    0x08006850   0x08006850   0x00000020   Code   RO         4850    i._DesktopHandle2Index  STemWin532_CM4_Keil.lib(wm.o)
    0x08006870   0x08006870   0x00000074   Code   RO         4967    i._DispLine         STemWin532_CM4_Keil.lib(gui_charline.o)
    0x080068e4   0x080068e4   0x000000cc   Code   RO         3564    i._DrawBitLine1BPP  guidrv_template.o
    0x080069b0   0x080069b0   0x00000148   Code   RO         4655    i._DrawBitLine1BPP  STemWin532_CM4_Keil.lib(guidev_16.o)
    0x08006af8   0x08006af8   0x00000114   Code   RO         3565    i._DrawBitLine2BPP  guidrv_template.o
    0x08006c0c   0x08006c0c   0x000000e0   Code   RO         4656    i._DrawBitLine2BPP  STemWin532_CM4_Keil.lib(guidev_16.o)
    0x08006cec   0x08006cec   0x00000114   Code   RO         3566    i._DrawBitLine4BPP  guidrv_template.o
    0x08006e00   0x08006e00   0x00000160   Code   RO         4657    i._DrawBitLine4BPP  STemWin532_CM4_Keil.lib(guidev_16.o)
    0x08006f60   0x08006f60   0x0000009c   Code   RO         3567    i._DrawBitLine8BPP  guidrv_template.o
    0x08006ffc   0x08006ffc   0x0000014c   Code   RO         3568    i._DrawBitmap       guidrv_template.o
    0x08007148   0x08007148   0x000002a0   Code   RO         4658    i._DrawBitmap       STemWin532_CM4_Keil.lib(guidev_16.o)
    0x080073e8   0x080073e8   0x0000000a   Code   RO         3569    i._DrawHLine        guidrv_template.o
    0x080073f2   0x080073f2   0x0000000a   Code   RO         4659    i._DrawHLine        STemWin532_CM4_Keil.lib(guidev_16.o)
    0x080073fc   0x080073fc   0x0000000c   Code   RO         3570    i._DrawVLine        guidrv_template.o
    0x08007408   0x08007408   0x000000b8   Code   RO         4660    i._DrawVLine        STemWin532_CM4_Keil.lib(guidev_16.o)
    0x080074c0   0x080074c0   0x00000006   Code   RO         4730    i._Encode           STemWin532_CM4_Keil.lib(gui_uc_encodenone.o)
    0x080074c6   0x080074c6   0x00000002   PAD
    0x080074c8   0x080074c8   0x00000098   Code   RO         4289    i._EnlargeBlocks    STemWin532_CM4_Keil.lib(gui_alloc.o)
    0x08007560   0x08007560   0x00000028   Code   RO         3571    i._FillRect         guidrv_template.o
    0x08007588   0x08007588   0x000000ac   Code   RO         4661    i._FillRect         STemWin532_CM4_Keil.lib(guidev_16.o)
    0x08007634   0x08007634   0x00000148   Code   RO         4853    i._FindNext_IVR     STemWin532_CM4_Keil.lib(wm.o)
    0x0800777c   0x0800777c   0x0000007c   Code   RO         4854    i._Findx0           STemWin532_CM4_Keil.lib(wm.o)
    0x080077f8   0x080077f8   0x00000072   Code   RO         4855    i._Findx1           STemWin532_CM4_Keil.lib(wm.o)
    0x0800786a   0x0800786a   0x000000a6   Code   RO         4856    i._Findy1           STemWin532_CM4_Keil.lib(wm.o)
    0x08007910   0x08007910   0x00000004   Code   RO         4731    i._GetCharCode      STemWin532_CM4_Keil.lib(gui_uc_encodenone.o)
    0x08007914   0x08007914   0x00000004   Code   RO         4732    i._GetCharSize      STemWin532_CM4_Keil.lib(gui_uc_encodenone.o)
    0x08007918   0x08007918   0x00000010   Code   RO         3572    i._GetDevData       guidrv_template.o
    0x08007928   0x08007928   0x00000010   Code   RO         4662    i._GetDevData       STemWin532_CM4_Keil.lib(guidev_16.o)
    0x08007938   0x08007938   0x00000050   Code   RO         3573    i._GetDevFunc       guidrv_template.o
    0x08007988   0x08007988   0x00000010   Code   RO         4663    i._GetDevFunc       STemWin532_CM4_Keil.lib(guidev_16.o)
    0x08007998   0x08007998   0x0000003c   Code   RO         3574    i._GetDevProp       guidrv_template.o
    0x080079d4   0x080079d4   0x0000001e   Code   RO         4456    i._GetDevProp       STemWin532_CM4_Keil.lib(lcd_getex.o)
    0x080079f2   0x080079f2   0x00000010   Code   RO         4664    i._GetDevProp       STemWin532_CM4_Keil.lib(guidev_16.o)
    0x08007a02   0x08007a02   0x00000052   Code   RO         5069    i._GetIndexMask_0   STemWin532_CM4_Keil.lib(guicc_0.o)
    0x08007a54   0x08007a54   0x00000006   Code   RO         4406    i._GetIndexMask_M565  STemWin532_CM4_Keil.lib(guicc_m565.o)
    0x08007a5a   0x08007a5a   0x0000001e   Code   RO         4457    i._GetMaxValue      STemWin532_CM4_Keil.lib(lcd_getex.o)
    0x08007a78   0x08007a78   0x0000001c   Code   RO         4290    i._GetMinIndex      STemWin532_CM4_Keil.lib(gui_alloc.o)
    0x08007a94   0x08007a94   0x0000000a   Code   RO         3575    i._GetPixelIndex    guidrv_template.o
    0x08007a9e   0x08007a9e   0x0000000e   Code   RO         4665    i._GetPixelIndex    STemWin532_CM4_Keil.lib(guidev_16.o)
    0x08007aac   0x08007aac   0x00000016   Code   RO         3576    i._GetRect          guidrv_template.o
    0x08007ac2   0x08007ac2   0x00000030   Code   RO         4666    i._GetRect          STemWin532_CM4_Keil.lib(guidev_16.o)
    0x08007af2   0x08007af2   0x00000002   PAD
    0x08007af4   0x08007af4   0x00000010   Code   RO         4719    i._GotoX            STemWin532_CM4_Keil.lib(gui_goto.o)
    0x08007b04   0x08007b04   0x00000010   Code   RO         4720    i._GotoY            STemWin532_CM4_Keil.lib(gui_goto.o)
    0x08007b14   0x08007b14   0x00000058   Code   RO         4407    i._Index2ColorBulk  STemWin532_CM4_Keil.lib(guicc_m565.o)
    0x08007b6c   0x08007b6c   0x00000020   Code   RO         5070    i._Index2Color_0    STemWin532_CM4_Keil.lib(guicc_0.o)
    0x08007b8c   0x08007b8c   0x00000018   Code   RO         3577    i._Init             guidrv_template.o
    0x08007ba4   0x08007ba4   0x00000070   Code   RO         4347    i._InitContext      STemWin532_CM4_Keil.lib(gui_core.o)
    0x08007c14   0x08007c14   0x0000002a   Code   RO         3578    i._InitOnce         guidrv_template.o
    0x08007c3e   0x08007c3e   0x00000002   PAD
    0x08007c40   0x08007c40   0x000000a8   Code   RO         4291    i._InitOnce         STemWin532_CM4_Keil.lib(gui_alloc.o)
    0x08007ce8   0x08007ce8   0x00000080   Code   RO         4857    i._Invalidate1Abs   STemWin532_CM4_Keil.lib(wm.o)
    0x08007d68   0x08007d68   0x00000002   Code   RO         4968    i._Log2VisBuffered  STemWin532_CM4_Keil.lib(gui_charline.o)
    0x08007d6a   0x08007d6a   0x0000000a   Code   RO         3579    i._Off              guidrv_template.o
    0x08007d74   0x08007d74   0x0000000a   Code   RO         3580    i._On               guidrv_template.o
    0x08007d7e   0x08007d7e   0x00000002   PAD
    0x08007d80   0x08007d80   0x00000034   Code   RO         4292    i._OnExit           STemWin532_CM4_Keil.lib(gui_alloc.o)
    0x08007db4   0x08007db4   0x0000002c   Code   RO         4348    i._OnExit           STemWin532_CM4_Keil.lib(gui_core.o)
    0x08007de0   0x08007de0   0x00000014   Code   RO         4783    i._OnExit           STemWin532_CM4_Keil.lib(lcd_color.o)
    0x08007df4   0x08007df4   0x00000034   Code   RO         4858    i._OnExit           STemWin532_CM4_Keil.lib(wm.o)
    0x08007e28   0x08007e28   0x00000040   Code   RO         4293    i._PopFreeBlock     STemWin532_CM4_Keil.lib(gui_alloc.o)
    0x08007e68   0x08007e68   0x00000028   Code   RO         4294    i._PushFreeBlock    STemWin532_CM4_Keil.lib(gui_alloc.o)
    0x08007e90   0x08007e90   0x00000034   Code   RO         4295    i._RemoveFreeBlock  STemWin532_CM4_Keil.lib(gui_alloc.o)
    0x08007ec4   0x08007ec4   0x000000a0   Code   RO         4296    i._RemoveHoles      STemWin532_CM4_Keil.lib(gui_alloc.o)
    0x08007f64   0x08007f64   0x00000020   Code   RO         4753    i._SetBkColor       STemWin532_CM4_Keil.lib(lcd.o)
    0x08007f84   0x08007f84   0x0000004c   Code   RO         4862    i._SetClipRectUserIntersect  STemWin532_CM4_Keil.lib(wm.o)
    0x08007fd0   0x08007fd0   0x00000020   Code   RO         4754    i._SetColor         STemWin532_CM4_Keil.lib(lcd.o)
    0x08007ff0   0x08007ff0   0x0000002c   Code   RO         4755    i._SetDrawMode      STemWin532_CM4_Keil.lib(lcd.o)
    0x0800801c   0x0800801c   0x00000018   Code   RO         3581    i._SetLUTEntry      guidrv_template.o
    0x08008034   0x08008034   0x00000012   Code   RO         3582    i._SetOrg           guidrv_template.o
    0x08008046   0x08008046   0x0000000e   Code   RO         4667    i._SetOrg           STemWin532_CM4_Keil.lib(guidev_16.o)
    0x08008054   0x08008054   0x0000000c   Code   RO         3583    i._SetPixelIndex    guidrv_template.o
    0x08008060   0x08008060   0x00000048   Code   RO         4668    i._SetPixelIndex    STemWin532_CM4_Keil.lib(guidev_16.o)
    0x080080a8   0x080080a8   0x00000036   Code   RO         3584    i._SetSize          guidrv_template.o
    0x080080de   0x080080de   0x00000026   Code   RO         3585    i._SetVRAMAddr      guidrv_template.o
    0x08008104   0x08008104   0x0000001a   Code   RO         3586    i._SetVSize         guidrv_template.o
    0x0800811e   0x0800811e   0x00000002   PAD
    0x08008120   0x08008120   0x000000ea   Code   RO         4297    i._TestRAM          STemWin532_CM4_Keil.lib(gui_alloc.o)
    0x0800820a   0x0800820a   0x0000000e   Code   RO         4298    i._WriteTagData     STemWin532_CM4_Keil.lib(gui_alloc.o)
    0x08008218   0x08008218   0x00000340   Code   RO         4802    i._WriteToActiveOpaque_8  STemWin532_CM4_Keil.lib(guidev_writetoactiveopaque.o)
    0x08008558   0x08008558   0x00000344   Code   RO         4803    i._WriteToActiveOpaque_HT  STemWin532_CM4_Keil.lib(guidev_writetoactiveopaque.o)
    0x0800889c   0x0800889c   0x0000003c   Code   RO         4669    i._XY2PTR           STemWin532_CM4_Keil.lib(guidev_16.o)
    0x080088d8   0x080088d8   0x00000028   Code   RO         3587    i._XorPixel         guidrv_template.o
    0x08008900   0x08008900   0x00000054   Code   RO         4670    i._XorPixel         STemWin532_CM4_Keil.lib(guidev_16.o)
    0x08008954   0x08008954   0x00000020   Code   RO         1345    i.__NVIC_SetPriority  stm32f4xx_hal_cortex.o
    0x08008974   0x08008974   0x0000000e   Code   RO         6052    i.__scatterload_copy  mc_w.l(handlers.o)
    0x08008982   0x08008982   0x00000002   Code   RO         6053    i.__scatterload_null  mc_w.l(handlers.o)
    0x08008984   0x08008984   0x0000000e   Code   RO         6054    i.__scatterload_zeroinit  mc_w.l(handlers.o)
    0x08008992   0x08008992   0x00000002   PAD
    0x08008994   0x08008994   0x00000050   Code   RO         4863    i._cbBackWin        STemWin532_CM4_Keil.lib(wm.o)
    0x080089e4   0x080089e4   0x0000008a   Code   RO         4756    i.emWin_LCD_Init    STemWin532_CM4_Keil.lib(lcd.o)
    0x08008a6e   0x08008a6e   0x00000002   PAD
    0x08008a70   0x08008a70   0x0000005c   Code   RO           17    i.main              main.o
    0x08008acc   0x08008acc   0x00000010   Data   RO         3222    .constdata          system_stm32f4xx.o
    0x08008adc   0x08008adc   0x00000008   Data   RO         3223    .constdata          system_stm32f4xx.o
    0x08008ae4   0x08008ae4   0x00000034   Data   RO         3588    .constdata          guidrv_template.o
    0x08008b18   0x08008b18   0x00000008   Data   RO         4350    .constdata          STemWin532_CM4_Keil.lib(gui_core.o)
    0x08008b20   0x08008b20   0x00000018   Data   RO         4408    .constdata          STemWin532_CM4_Keil.lib(guicc_m565.o)
    0x08008b38   0x08008b38   0x00000518   Data   RO         4551    .constdata          STemWin532_CM4_Keil.lib(f6x8.o)
    0x08009050   0x08009050   0x000001c0   Data   RO         4552    .constdata          STemWin532_CM4_Keil.lib(f6x8.o)
    0x08009210   0x08009210   0x00000008   Data   RO         4553    .constdata          STemWin532_CM4_Keil.lib(f6x8.o)
    0x08009218   0x08009218   0x00000014   Data   RO         4554    .constdata          STemWin532_CM4_Keil.lib(f6x8.o)
    0x0800922c   0x0800922c   0x00000024   Data   RO         4555    .constdata          STemWin532_CM4_Keil.lib(f6x8.o)
    0x08009250   0x08009250   0x00000018   Data   RO         4557    .constdata          STemWin532_CM4_Keil.lib(f24_ascii.o)
    0x08009268   0x08009268   0x00000018   Data   RO         4558    .constdata          STemWin532_CM4_Keil.lib(f24_ascii.o)
    0x08009280   0x08009280   0x00000018   Data   RO         4559    .constdata          STemWin532_CM4_Keil.lib(f24_ascii.o)
    0x08009298   0x08009298   0x00000030   Data   RO         4560    .constdata          STemWin532_CM4_Keil.lib(f24_ascii.o)
    0x080092c8   0x080092c8   0x00000030   Data   RO         4561    .constdata          STemWin532_CM4_Keil.lib(f24_ascii.o)
    0x080092f8   0x080092f8   0x00000048   Data   RO         4562    .constdata          STemWin532_CM4_Keil.lib(f24_ascii.o)
    0x08009340   0x08009340   0x00000030   Data   RO         4563    .constdata          STemWin532_CM4_Keil.lib(f24_ascii.o)
    0x08009370   0x08009370   0x00000018   Data   RO         4564    .constdata          STemWin532_CM4_Keil.lib(f24_ascii.o)
    0x08009388   0x08009388   0x00000018   Data   RO         4565    .constdata          STemWin532_CM4_Keil.lib(f24_ascii.o)
    0x080093a0   0x080093a0   0x00000018   Data   RO         4566    .constdata          STemWin532_CM4_Keil.lib(f24_ascii.o)
    0x080093b8   0x080093b8   0x00000018   Data   RO         4567    .constdata          STemWin532_CM4_Keil.lib(f24_ascii.o)
    0x080093d0   0x080093d0   0x00000030   Data   RO         4568    .constdata          STemWin532_CM4_Keil.lib(f24_ascii.o)
    0x08009400   0x08009400   0x00000018   Data   RO         4569    .constdata          STemWin532_CM4_Keil.lib(f24_ascii.o)
    0x08009418   0x08009418   0x00000018   Data   RO         4570    .constdata          STemWin532_CM4_Keil.lib(f24_ascii.o)
    0x08009430   0x08009430   0x00000018   Data   RO         4571    .constdata          STemWin532_CM4_Keil.lib(f24_ascii.o)
    0x08009448   0x08009448   0x00000018   Data   RO         4572    .constdata          STemWin532_CM4_Keil.lib(f24_ascii.o)
    0x08009460   0x08009460   0x00000030   Data   RO         4573    .constdata          STemWin532_CM4_Keil.lib(f24_ascii.o)
    0x08009490   0x08009490   0x00000030   Data   RO         4574    .constdata          STemWin532_CM4_Keil.lib(f24_ascii.o)
    0x080094c0   0x080094c0   0x00000030   Data   RO         4575    .constdata          STemWin532_CM4_Keil.lib(f24_ascii.o)
    0x080094f0   0x080094f0   0x00000030   Data   RO         4576    .constdata          STemWin532_CM4_Keil.lib(f24_ascii.o)
    0x08009520   0x08009520   0x00000030   Data   RO         4577    .constdata          STemWin532_CM4_Keil.lib(f24_ascii.o)
    0x08009550   0x08009550   0x00000030   Data   RO         4578    .constdata          STemWin532_CM4_Keil.lib(f24_ascii.o)
    0x08009580   0x08009580   0x00000030   Data   RO         4579    .constdata          STemWin532_CM4_Keil.lib(f24_ascii.o)
    0x080095b0   0x080095b0   0x00000030   Data   RO         4580    .constdata          STemWin532_CM4_Keil.lib(f24_ascii.o)
    0x080095e0   0x080095e0   0x00000030   Data   RO         4581    .constdata          STemWin532_CM4_Keil.lib(f24_ascii.o)
    0x08009610   0x08009610   0x00000030   Data   RO         4582    .constdata          STemWin532_CM4_Keil.lib(f24_ascii.o)
    0x08009640   0x08009640   0x00000018   Data   RO         4583    .constdata          STemWin532_CM4_Keil.lib(f24_ascii.o)
    0x08009658   0x08009658   0x00000018   Data   RO         4584    .constdata          STemWin532_CM4_Keil.lib(f24_ascii.o)
    0x08009670   0x08009670   0x00000030   Data   RO         4585    .constdata          STemWin532_CM4_Keil.lib(f24_ascii.o)
    0x080096a0   0x080096a0   0x00000030   Data   RO         4586    .constdata          STemWin532_CM4_Keil.lib(f24_ascii.o)
    0x080096d0   0x080096d0   0x00000030   Data   RO         4587    .constdata          STemWin532_CM4_Keil.lib(f24_ascii.o)
    0x08009700   0x08009700   0x00000030   Data   RO         4588    .constdata          STemWin532_CM4_Keil.lib(f24_ascii.o)
    0x08009730   0x08009730   0x00000048   Data   RO         4589    .constdata          STemWin532_CM4_Keil.lib(f24_ascii.o)
    0x08009778   0x08009778   0x00000030   Data   RO         4590    .constdata          STemWin532_CM4_Keil.lib(f24_ascii.o)
    0x080097a8   0x080097a8   0x00000030   Data   RO         4591    .constdata          STemWin532_CM4_Keil.lib(f24_ascii.o)
    0x080097d8   0x080097d8   0x00000030   Data   RO         4592    .constdata          STemWin532_CM4_Keil.lib(f24_ascii.o)
    0x08009808   0x08009808   0x00000030   Data   RO         4593    .constdata          STemWin532_CM4_Keil.lib(f24_ascii.o)
    0x08009838   0x08009838   0x00000030   Data   RO         4594    .constdata          STemWin532_CM4_Keil.lib(f24_ascii.o)
    0x08009868   0x08009868   0x00000030   Data   RO         4595    .constdata          STemWin532_CM4_Keil.lib(f24_ascii.o)
    0x08009898   0x08009898   0x00000030   Data   RO         4596    .constdata          STemWin532_CM4_Keil.lib(f24_ascii.o)
    0x080098c8   0x080098c8   0x00000030   Data   RO         4597    .constdata          STemWin532_CM4_Keil.lib(f24_ascii.o)
    0x080098f8   0x080098f8   0x00000018   Data   RO         4598    .constdata          STemWin532_CM4_Keil.lib(f24_ascii.o)
    0x08009910   0x08009910   0x00000030   Data   RO         4599    .constdata          STemWin532_CM4_Keil.lib(f24_ascii.o)
    0x08009940   0x08009940   0x00000030   Data   RO         4600    .constdata          STemWin532_CM4_Keil.lib(f24_ascii.o)
    0x08009970   0x08009970   0x00000030   Data   RO         4601    .constdata          STemWin532_CM4_Keil.lib(f24_ascii.o)
    0x080099a0   0x080099a0   0x00000048   Data   RO         4602    .constdata          STemWin532_CM4_Keil.lib(f24_ascii.o)
    0x080099e8   0x080099e8   0x00000030   Data   RO         4603    .constdata          STemWin532_CM4_Keil.lib(f24_ascii.o)
    0x08009a18   0x08009a18   0x00000030   Data   RO         4604    .constdata          STemWin532_CM4_Keil.lib(f24_ascii.o)
    0x08009a48   0x08009a48   0x00000030   Data   RO         4605    .constdata          STemWin532_CM4_Keil.lib(f24_ascii.o)
    0x08009a78   0x08009a78   0x00000030   Data   RO         4606    .constdata          STemWin532_CM4_Keil.lib(f24_ascii.o)
    0x08009aa8   0x08009aa8   0x00000030   Data   RO         4607    .constdata          STemWin532_CM4_Keil.lib(f24_ascii.o)
    0x08009ad8   0x08009ad8   0x00000030   Data   RO         4608    .constdata          STemWin532_CM4_Keil.lib(f24_ascii.o)
    0x08009b08   0x08009b08   0x00000030   Data   RO         4609    .constdata          STemWin532_CM4_Keil.lib(f24_ascii.o)
    0x08009b38   0x08009b38   0x00000030   Data   RO         4610    .constdata          STemWin532_CM4_Keil.lib(f24_ascii.o)
    0x08009b68   0x08009b68   0x00000030   Data   RO         4611    .constdata          STemWin532_CM4_Keil.lib(f24_ascii.o)
    0x08009b98   0x08009b98   0x00000048   Data   RO         4612    .constdata          STemWin532_CM4_Keil.lib(f24_ascii.o)
    0x08009be0   0x08009be0   0x00000030   Data   RO         4613    .constdata          STemWin532_CM4_Keil.lib(f24_ascii.o)
    0x08009c10   0x08009c10   0x00000030   Data   RO         4614    .constdata          STemWin532_CM4_Keil.lib(f24_ascii.o)
    0x08009c40   0x08009c40   0x00000030   Data   RO         4615    .constdata          STemWin532_CM4_Keil.lib(f24_ascii.o)
    0x08009c70   0x08009c70   0x00000018   Data   RO         4616    .constdata          STemWin532_CM4_Keil.lib(f24_ascii.o)
    0x08009c88   0x08009c88   0x00000018   Data   RO         4617    .constdata          STemWin532_CM4_Keil.lib(f24_ascii.o)
    0x08009ca0   0x08009ca0   0x00000018   Data   RO         4618    .constdata          STemWin532_CM4_Keil.lib(f24_ascii.o)
    0x08009cb8   0x08009cb8   0x00000018   Data   RO         4619    .constdata          STemWin532_CM4_Keil.lib(f24_ascii.o)
    0x08009cd0   0x08009cd0   0x00000030   Data   RO         4620    .constdata          STemWin532_CM4_Keil.lib(f24_ascii.o)
    0x08009d00   0x08009d00   0x00000018   Data   RO         4621    .constdata          STemWin532_CM4_Keil.lib(f24_ascii.o)
    0x08009d18   0x08009d18   0x00000030   Data   RO         4622    .constdata          STemWin532_CM4_Keil.lib(f24_ascii.o)
    0x08009d48   0x08009d48   0x00000030   Data   RO         4623    .constdata          STemWin532_CM4_Keil.lib(f24_ascii.o)
    0x08009d78   0x08009d78   0x00000030   Data   RO         4624    .constdata          STemWin532_CM4_Keil.lib(f24_ascii.o)
    0x08009da8   0x08009da8   0x00000030   Data   RO         4625    .constdata          STemWin532_CM4_Keil.lib(f24_ascii.o)
    0x08009dd8   0x08009dd8   0x00000030   Data   RO         4626    .constdata          STemWin532_CM4_Keil.lib(f24_ascii.o)
    0x08009e08   0x08009e08   0x00000018   Data   RO         4627    .constdata          STemWin532_CM4_Keil.lib(f24_ascii.o)
    0x08009e20   0x08009e20   0x00000030   Data   RO         4628    .constdata          STemWin532_CM4_Keil.lib(f24_ascii.o)
    0x08009e50   0x08009e50   0x00000030   Data   RO         4629    .constdata          STemWin532_CM4_Keil.lib(f24_ascii.o)
    0x08009e80   0x08009e80   0x00000018   Data   RO         4630    .constdata          STemWin532_CM4_Keil.lib(f24_ascii.o)
    0x08009e98   0x08009e98   0x00000018   Data   RO         4631    .constdata          STemWin532_CM4_Keil.lib(f24_ascii.o)
    0x08009eb0   0x08009eb0   0x00000030   Data   RO         4632    .constdata          STemWin532_CM4_Keil.lib(f24_ascii.o)
    0x08009ee0   0x08009ee0   0x00000018   Data   RO         4633    .constdata          STemWin532_CM4_Keil.lib(f24_ascii.o)
    0x08009ef8   0x08009ef8   0x00000030   Data   RO         4634    .constdata          STemWin532_CM4_Keil.lib(f24_ascii.o)
    0x08009f28   0x08009f28   0x00000030   Data   RO         4635    .constdata          STemWin532_CM4_Keil.lib(f24_ascii.o)
    0x08009f58   0x08009f58   0x00000030   Data   RO         4636    .constdata          STemWin532_CM4_Keil.lib(f24_ascii.o)
    0x08009f88   0x08009f88   0x00000030   Data   RO         4637    .constdata          STemWin532_CM4_Keil.lib(f24_ascii.o)
    0x08009fb8   0x08009fb8   0x00000030   Data   RO         4638    .constdata          STemWin532_CM4_Keil.lib(f24_ascii.o)
    0x08009fe8   0x08009fe8   0x00000018   Data   RO         4639    .constdata          STemWin532_CM4_Keil.lib(f24_ascii.o)
    0x0800a000   0x0800a000   0x00000030   Data   RO         4640    .constdata          STemWin532_CM4_Keil.lib(f24_ascii.o)
    0x0800a030   0x0800a030   0x00000018   Data   RO         4641    .constdata          STemWin532_CM4_Keil.lib(f24_ascii.o)
    0x0800a048   0x0800a048   0x00000030   Data   RO         4642    .constdata          STemWin532_CM4_Keil.lib(f24_ascii.o)
    0x0800a078   0x0800a078   0x00000030   Data   RO         4643    .constdata          STemWin532_CM4_Keil.lib(f24_ascii.o)
    0x0800a0a8   0x0800a0a8   0x00000030   Data   RO         4644    .constdata          STemWin532_CM4_Keil.lib(f24_ascii.o)
    0x0800a0d8   0x0800a0d8   0x00000030   Data   RO         4645    .constdata          STemWin532_CM4_Keil.lib(f24_ascii.o)
    0x0800a108   0x0800a108   0x00000030   Data   RO         4646    .constdata          STemWin532_CM4_Keil.lib(f24_ascii.o)
    0x0800a138   0x0800a138   0x00000030   Data   RO         4647    .constdata          STemWin532_CM4_Keil.lib(f24_ascii.o)
    0x0800a168   0x0800a168   0x00000018   Data   RO         4648    .constdata          STemWin532_CM4_Keil.lib(f24_ascii.o)
    0x0800a180   0x0800a180   0x00000018   Data   RO         4649    .constdata          STemWin532_CM4_Keil.lib(f24_ascii.o)
    0x0800a198   0x0800a198   0x00000018   Data   RO         4650    .constdata          STemWin532_CM4_Keil.lib(f24_ascii.o)
    0x0800a1b0   0x0800a1b0   0x00000030   Data   RO         4651    .constdata          STemWin532_CM4_Keil.lib(f24_ascii.o)
    0x0800a1e0   0x0800a1e0   0x000002f8   Data   RO         4652    .constdata          STemWin532_CM4_Keil.lib(f24_ascii.o)
    0x0800a4d8   0x0800a4d8   0x0000000c   Data   RO         4653    .constdata          STemWin532_CM4_Keil.lib(f24_ascii.o)
    0x0800a4e4   0x0800a4e4   0x00000024   Data   RO         4654    .constdata          STemWin532_CM4_Keil.lib(f24_ascii.o)
    0x0800a508   0x0800a508   0x00000074   Data   RO         4671    .constdata          STemWin532_CM4_Keil.lib(guidev_16.o)
    0x0800a57c   0x0800a57c   0x00000020   Data   RO         4688    .constdata          STemWin532_CM4_Keil.lib(gui__divtbl_31_255.o)
    0x0800a59c   0x0800a59c   0x00000040   Data   RO         4689    .constdata          STemWin532_CM4_Keil.lib(gui__divtbl_63_255.o)
    0x0800a5dc   0x0800a5dc   0x00000100   Data   RO         4690    .constdata          STemWin532_CM4_Keil.lib(gui__divtbl_255_31.o)
    0x0800a6dc   0x0800a6dc   0x00000100   Data   RO         4691    .constdata          STemWin532_CM4_Keil.lib(gui__divtbl_255_63.o)
    0x0800a7dc   0x0800a7dc   0x00000010   Data   RO         4733    .constdata          STemWin532_CM4_Keil.lib(gui_uc_encodenone.o)
    0x0800a7ec   0x0800a7ec   0x0000000c   Data   RO         4757    .constdata          STemWin532_CM4_Keil.lib(lcd.o)
    0x0800a7f8   0x0800a7f8   0x00000100   Data   RO         4792    .constdata          STemWin532_CM4_Keil.lib(lcd_mirror.o)
    0x0800a8f8   0x0800a8f8   0x00000008   Data   RO         4804    .constdata          STemWin532_CM4_Keil.lib(guidev_writetoactiveopaque.o)
    0x0800a900   0x0800a900   0x00000018   Data   RO         5071    .constdata          STemWin532_CM4_Keil.lib(guicc_0.o)
    0x0800a918   0x0800a918   0x00000020   Data   RO         6050    Region$$Table       anon$$obj.o


    Execution Region RW_IRAM2 (Exec base: 0x10000000, Load base: 0x0800a970, Size: 0x00000000, Max: 0x00010000, ABSOLUTE)

    **** No section assigned to this execution region ****


    Execution Region RW_IRAM1 (Exec base: 0x20000000, Load base: 0x0800a938, Size: 0x00000858, Max: 0x00020000, ABSOLUTE, COMPRESSED[0x00000038])

    Exec Addr    Load Addr    Size         Type   Attr      Idx    E Section Name        Object

    0x20000000   COMPRESSED   0x00000008   Data   RW          251    .data               crc.o
    0x20000008   COMPRESSED   0x00000008   Data   RW          295    .data               fsmc.o
    0x20000010   COMPRESSED   0x0000000c   Data   RW         1489    .data               stm32f4xx_hal.o
    0x2000001c   COMPRESSED   0x00000004   Data   RW         3224    .data               system_stm32f4xx.o
    0x20000020   COMPRESSED   0x00000004   Data   RW         3464    .data               guiconf.o
    0x20000024   COMPRESSED   0x00000008   Data   RW         3589    .data               guidrv_template.o
    0x2000002c   COMPRESSED   0x00000008   Data   RW         4300    .data               STemWin532_CM4_Keil.lib(gui_alloc.o)
    0x20000034   COMPRESSED   0x0000002c   Data   RW         4351    .data               STemWin532_CM4_Keil.lib(gui_core.o)
    0x20000060   COMPRESSED   0x00000004   Data   RW         4356    .data               STemWin532_CM4_Keil.lib(gui_core.o)
    0x20000064   COMPRESSED   0x00000004   Data   RW         4361    .data               STemWin532_CM4_Keil.lib(gui_core.o)
    0x20000068   COMPRESSED   0x00000002   Data   RW         4362    .data               STemWin532_CM4_Keil.lib(gui_core.o)
    0x2000006a   COMPRESSED   0x00000002   Data   RW         4363    .data               STemWin532_CM4_Keil.lib(gui_core.o)
    0x2000006c   COMPRESSED   0x00000008   Data   RW         4409    .data               STemWin532_CM4_Keil.lib(guicc_m565.o)
    0x20000074   COMPRESSED   0x00000008   Data   RW         4458    .data               STemWin532_CM4_Keil.lib(lcd_getex.o)
    0x2000007c   COMPRESSED   0x00000004   Data   RW         4758    .data               STemWin532_CM4_Keil.lib(lcd.o)
    0x20000080   COMPRESSED   0x00000010   Data   RW         4784    .data               STemWin532_CM4_Keil.lib(lcd_color.o)
    0x20000090   COMPRESSED   0x00000064   Data   RW         4867    .data               STemWin532_CM4_Keil.lib(wm.o)
    0x200000f4   COMPRESSED   0x00000018   Data   RW         4942    .data               STemWin532_CM4_Keil.lib(gui__managecache.o)
    0x2000010c   COMPRESSED   0x00000004   Data   RW         4969    .data               STemWin532_CM4_Keil.lib(gui_charline.o)
    0x20000110   COMPRESSED   0x00000010   Data   RW         4999    .data               STemWin532_CM4_Keil.lib(gui_onkey.o)
    0x20000120   COMPRESSED   0x0000000c   Data   RW         5059    .data               STemWin532_CM4_Keil.lib(gui_waitevent.o)
    0x2000012c   COMPRESSED   0x00000004   Data   RW         5134    .data               STemWin532_CM4_Keil.lib(wm__sendmessage.o)
    0x20000130        -       0x000000a0   Zero   RW          294    .bss                fsmc.o
    0x200001d0        -       0x00000040   Zero   RW          341    .bss                tim.o
    0x20000210        -       0x00000040   Zero   RW          383    .bss                usart.o
    0x20000250        -       0x0000000e   Zero   RW         3290    .bss                ili93xx.o
    0x2000025e   COMPRESSED   0x00000002   PAD
    0x20000260        -       0x000000cc   Zero   RW         4299    .bss                STemWin532_CM4_Keil.lib(gui_alloc.o)
    0x2000032c        -       0x00000070   Zero   RW         4349    .bss                STemWin532_CM4_Keil.lib(gui_core.o)
    0x2000039c        -       0x00000018   Zero   RW         4865    .bss                STemWin532_CM4_Keil.lib(wm.o)
    0x200003b4        -       0x00000058   Zero   RW         4998    .bss                STemWin532_CM4_Keil.lib(gui_onkey.o)
    0x2000040c        -       0x00000048   Zero   RW         5175    .bss                STemWin532_CM4_Keil.lib(wm_touch.o)
    0x20000454   COMPRESSED   0x00000004   PAD
    0x20000458        -       0x00000400   Zero   RW            1    STACK               startup_stm32f407xx.o



  Load Region LR$$.ARM.__AT_0x68000000 (Base: 0x68000000, Size: 0x00000000, Max: 0x00000004, ABSOLUTE)

    Execution Region ER$$.ARM.__AT_0x68000000 (Exec base: 0x68000000, Load base: 0x68000000, Size: 0x00000004, Max: 0x00000004, ABSOLUTE, UNINIT)

    Exec Addr    Load Addr    Size         Type   Attr      Idx    E Section Name        Object

    0x68000000        -       0x00000001   Zero   RW           18    .ARM.__AT_0x68000000  main.o


==============================================================================

Image component sizes


      Code (inc. data)   RO Data    RW Data    ZI Data      Debug   Object Name

        76         18          0          8          0       1667   crc.o
       364         36          0          8        160       2510   fsmc.o
       232         12          0          0          0       1191   gpio.o
         4          0          0          0          0        970   gui_x.o
        44         10          0          4          0        591   guiconf.o
      1792         96         52          8          0      70543   guidrv_template.o
     10790         70          0          0         14      18733   ili93xx.o
        66         12          0          0          0       1309   lcdconf_flexcolor_template.o
       226         30          0          0          1     702720   main.o
        36          8        392          0       1024        872   startup_stm32f407xx.o
       180         28          0         12          0       9697   stm32f4xx_hal.o
       198         14          0          0          0      34163   stm32f4xx_hal_cortex.o
        34          0          0          0          0       1119   stm32f4xx_hal_crc.o
        36          0          0          0          0       1283   stm32f4xx_hal_dma.o
       450         46          0          0          0       2504   stm32f4xx_hal_gpio.o
        48          6          0          0          0        926   stm32f4xx_hal_msp.o
      1328         72          0          0          0       5444   stm32f4xx_hal_rcc.o
        86          0          0          0          0       1288   stm32f4xx_hal_sram.o
       254         44          0          0          0       2995   stm32f4xx_hal_tim.o
       144         28          0          0          0       1416   stm32f4xx_hal_tim_ex.o
       968         16          0          0          0       7855   stm32f4xx_hal_uart.o
        32          6          0          0          0       4994   stm32f4xx_it.o
       216         12          0          0          0       2847   stm32f4xx_ll_fsmc.o
        28          6         24          4          0       1263   system_stm32f4xx.o
       108         20          0          0         64       1706   tim.o
       180         22          0          0         64       1854   usart.o

    ----------------------------------------------------------------------
     17948        612        500         44       1332     882460   Object Totals
         0          0         32          0          0          0   (incl. Generated)
        28          0          0          0          5          0   (incl. Padding)

    ----------------------------------------------------------------------

      Code (inc. data)   RO Data    RW Data    ZI Data      Debug   Library Member Name

         0          0       4792          0          0          0   f24_ascii.o
         0          0       1816          0          0          0   f6x8.o
       292          0          0          0          0        124   gui__compactpixelindices.o
         0          0        256          0          0          0   gui__divtbl_255_31.o
         0          0        256          0          0          0   gui__divtbl_255_63.o
         0          0         32          0          0          0   gui__divtbl_31_255.o
         0          0         64          0          0          0   gui__divtbl_63_255.o
        58          0          0          0          0        116   gui__intersectrect.o
        82          0          0          0          0        128   gui__intersectrects.o
       228          8          0         24          0        252   gui__managecache.o
        76          0          0          0          0        124   gui__memset.o
        60          0          0          0          0        124   gui__memset16.o
      1702         94          0          8        204       2620   gui_alloc.o
        36          0          0          0          0        128   gui_alloc_alloczero.o
        60          0          0          0          0        124   gui_calccolordist.o
        96         22          0          0          0        464   gui_char.o
       458         36          0          4          0        760   gui_charline.o
       394         12          0          0          0        492   gui_charm.o
       316         10          0          0          0        624   gui_charp.o
       492         76          8         56        112       1012   gui_core.o
       344         24          0          0          0        736   gui_device.o
       256          4          0          0          0        136   gui_dispstring.o
        16          4          0          0          0        116   gui_dispstringat.o
        28          0          0          0          0        256   gui_getcolor.o
        52         12          0          0          0        360   gui_goto.o
        88          0          0          0          0        124   gui_mergerect.o
        30          0          0          0          0        116   gui_moverect.o
        16          4          0         16         88        116   gui_onkey.o
        56          0          0          0          0        116   gui_rectsintersect.o
        48         10          0          0          0        128   gui_selectlayer.o
        18          0          0          0          0        128   gui_selectlcd.o
         8          0          0          0          0        232   gui_setcolor.o
        20          6          0          0          0        116   gui_setfont.o
        56         18          0          0          0        128   gui_setorg.o
        84         10          0          0          0        264   gui_uc.o
        18          0         16          0          0        464   gui_uc_encodenone.o
        16          4          0         12          0        116   gui_waitevent.o
       198          0         24          0          0        388   guicc_0.o
       258         46         24          8          0        652   guicc_m565.o
       100          6          0          0          0        256   guidev.o
      2282         60        116          0          0       2104   guidev_16.o
        26          0          0          0          0        128   guidev_getdataptr.o
        76          0          0          0          0        260   guidev_usage.o
      1854         18          8          0          0        732   guidev_writetoactiveopaque.o
      1646        110         12          4          0       2164   lcd.o
       272         30          0         16          0        632   lcd_color.o
        32         12          0          0          0        232   lcd_getcolorindex.o
       370         40          0          8          0       2020   lcd_getex.o
        26          0          0          0          0        128   lcd_getnumdisplays.o
         0          0        256          0          0          0   lcd_mirror.o
        64          8          0          0          0        128   lcd_selectlcd.o
       132          0          0          0          0        396   lcd_set.o
        48         10          0          0          0        128   lcd_setcliprectex.o
        36          4          0          0          0        128   lcd_updatecolorindices.o
      2966        132          0        100         24       4096   wm.o
        18          0          0          0          0        124   wm__getfirstsibling.o
        36          0          0          0          0        128   wm__getprevsibling.o
        60          6          0          4          0        136   wm__sendmessage.o
       126          0          0          0          0        140   wm_bringtobottom.o
        16          6          0          0          0        116   wm_criticalhandle.o
        32          0          0          0          0        128   wm_getclientrect.o
        24         10          0          0          0        116   wm_getdesktopwindow.o
        14          0          0          0          0        124   wm_getfirstchild.o
        14          0          0          0          0        124   wm_getparent.o
        30          0          0          0          0        140   wm_sendtoparent.o
         0          0          0          0         72          0   wm_touch.o
        58          0          0          0          0          0   __dczerorl.o
         0          0          0          0          0          0   entry.o
         0          0          0          0          0          0   entry10a.o
         0          0          0          0          0          0   entry11a.o
         8          4          0          0          0          0   entry2.o
         4          0          0          0          0          0   entry5.o
         0          0          0          0          0          0   entry7b.o
         0          0          0          0          0          0   entry8b.o
         8          4          0          0          0          0   entry9a.o
        30          0          0          0          0          0   handlers.o
        36          8          0          0          0         68   init.o
         0          0          0          0          0          0   iusefp.o
        30          0          0          0          0         68   llshl.o
        32          0          0          0          0         68   llushr.o
        64          0          0          0          0         76   memmovea.o
        36          0          0          0          0        108   memseta.o
        98          0          0          0          0         92   uldiv.o
       186          0          0          0          0        176   depilogue.o
        50          0          0          0          0         76   dfixui.o
        26          0          0          0          0         76   dfltui.o
       228          0          0          0          0         96   dmul.o

    ----------------------------------------------------------------------
     17192        868       7680        260        504      27496   Library Totals
        38          0          0          0          4          0   (incl. Padding)

    ----------------------------------------------------------------------

      Code (inc. data)   RO Data    RW Data    ZI Data      Debug   Library Name

     16260        852       7680        260        500      26592   STemWin532_CM4_Keil.lib
       404         16          0          0          0        480   mc_w.l
       490          0          0          0          0        424   mf_w.l

    ----------------------------------------------------------------------
     17192        868       7680        260        504      27496   Library Totals

    ----------------------------------------------------------------------

==============================================================================


      Code (inc. data)   RO Data    RW Data    ZI Data      Debug   

     35140       1480       8180        304       1836     879224   Grand Totals
     35140       1480       8180         56       1836     879224   ELF Image Totals (compressed)
     35140       1480       8180         56          0          0   ROM Totals

==============================================================================

    Total RO  Size (Code + RO Data)                43320 (  42.30kB)
    Total RW  Size (RW Data + ZI Data)              2140 (   2.09kB)
    Total ROM Size (Code + RO Data + RW Data)      43376 (  42.36kB)

==============================================================================

